Archive member included to satisfy reference by file (symbol)

/opt/st/stm32cubeide_1.8.0/plugins/com.st.stm32cube.ide.mcu.externaltools.gnu-tools-for-stm32.9-2020-q2-update.linux64_2.0.0.202105311346/tools/bin/../lib/gcc/arm-none-eabi/9.3.1/../../../../arm-none-eabi/lib/thumb/v7-m/nofp/libc_nano.a(lib_a-atof.o)
                              ./Core/Src/GPS.o (atof)
/opt/st/stm32cubeide_1.8.0/plugins/com.st.stm32cube.ide.mcu.externaltools.gnu-tools-for-stm32.9-2020-q2-update.linux64_2.0.0.202105311346/tools/bin/../lib/gcc/arm-none-eabi/9.3.1/../../../../arm-none-eabi/lib/thumb/v7-m/nofp/libc_nano.a(lib_a-atoi.o)
                              ./Core/Src/GPS.o (atoi)
/opt/st/stm32cubeide_1.8.0/plugins/com.st.stm32cube.ide.mcu.externaltools.gnu-tools-for-stm32.9-2020-q2-update.linux64_2.0.0.202105311346/tools/bin/../lib/gcc/arm-none-eabi/9.3.1/../../../../arm-none-eabi/lib/thumb/v7-m/nofp/libc_nano.a(lib_a-errno.o)
                              ./Core/Src/syscalls.o (__errno)
/opt/st/stm32cubeide_1.8.0/plugins/com.st.stm32cube.ide.mcu.externaltools.gnu-tools-for-stm32.9-2020-q2-update.linux64_2.0.0.202105311346/tools/bin/../lib/gcc/arm-none-eabi/9.3.1/../../../../arm-none-eabi/lib/thumb/v7-m/nofp/libc_nano.a(lib_a-exit.o)
                              /opt/st/stm32cubeide_1.8.0/plugins/com.st.stm32cube.ide.mcu.externaltools.gnu-tools-for-stm32.9-2020-q2-update.linux64_2.0.0.202105311346/tools/bin/../lib/gcc/arm-none-eabi/9.3.1/../../../../arm-none-eabi/lib/thumb/v7-m/nofp/crt0.o (exit)
/opt/st/stm32cubeide_1.8.0/plugins/com.st.stm32cube.ide.mcu.externaltools.gnu-tools-for-stm32.9-2020-q2-update.linux64_2.0.0.202105311346/tools/bin/../lib/gcc/arm-none-eabi/9.3.1/../../../../arm-none-eabi/lib/thumb/v7-m/nofp/libc_nano.a(lib_a-impure.o)
                              /opt/st/stm32cubeide_1.8.0/plugins/com.st.stm32cube.ide.mcu.externaltools.gnu-tools-for-stm32.9-2020-q2-update.linux64_2.0.0.202105311346/tools/bin/../lib/gcc/arm-none-eabi/9.3.1/../../../../arm-none-eabi/lib/thumb/v7-m/nofp/libc_nano.a(lib_a-exit.o) (_global_impure_ptr)
/opt/st/stm32cubeide_1.8.0/plugins/com.st.stm32cube.ide.mcu.externaltools.gnu-tools-for-stm32.9-2020-q2-update.linux64_2.0.0.202105311346/tools/bin/../lib/gcc/arm-none-eabi/9.3.1/../../../../arm-none-eabi/lib/thumb/v7-m/nofp/libc_nano.a(lib_a-init.o)
                              /opt/st/stm32cubeide_1.8.0/plugins/com.st.stm32cube.ide.mcu.externaltools.gnu-tools-for-stm32.9-2020-q2-update.linux64_2.0.0.202105311346/tools/bin/../lib/gcc/arm-none-eabi/9.3.1/../../../../arm-none-eabi/lib/thumb/v7-m/nofp/crt0.o (__libc_init_array)
/opt/st/stm32cubeide_1.8.0/plugins/com.st.stm32cube.ide.mcu.externaltools.gnu-tools-for-stm32.9-2020-q2-update.linux64_2.0.0.202105311346/tools/bin/../lib/gcc/arm-none-eabi/9.3.1/../../../../arm-none-eabi/lib/thumb/v7-m/nofp/libc_nano.a(lib_a-memset.o)
                              /opt/st/stm32cubeide_1.8.0/plugins/com.st.stm32cube.ide.mcu.externaltools.gnu-tools-for-stm32.9-2020-q2-update.linux64_2.0.0.202105311346/tools/bin/../lib/gcc/arm-none-eabi/9.3.1/../../../../arm-none-eabi/lib/thumb/v7-m/nofp/crt0.o (memset)
/opt/st/stm32cubeide_1.8.0/plugins/com.st.stm32cube.ide.mcu.externaltools.gnu-tools-for-stm32.9-2020-q2-update.linux64_2.0.0.202105311346/tools/bin/../lib/gcc/arm-none-eabi/9.3.1/../../../../arm-none-eabi/lib/thumb/v7-m/nofp/libc_nano.a(lib_a-nano-vfprintf_float.o)
                              (_printf_float)
/opt/st/stm32cubeide_1.8.0/plugins/com.st.stm32cube.ide.mcu.externaltools.gnu-tools-for-stm32.9-2020-q2-update.linux64_2.0.0.202105311346/tools/bin/../lib/gcc/arm-none-eabi/9.3.1/../../../../arm-none-eabi/lib/thumb/v7-m/nofp/libc_nano.a(lib_a-nano-vfprintf_i.o)
                              /opt/st/stm32cubeide_1.8.0/plugins/com.st.stm32cube.ide.mcu.externaltools.gnu-tools-for-stm32.9-2020-q2-update.linux64_2.0.0.202105311346/tools/bin/../lib/gcc/arm-none-eabi/9.3.1/../../../../arm-none-eabi/lib/thumb/v7-m/nofp/libc_nano.a(lib_a-nano-vfprintf_float.o) (_printf_common)
/opt/st/stm32cubeide_1.8.0/plugins/com.st.stm32cube.ide.mcu.externaltools.gnu-tools-for-stm32.9-2020-q2-update.linux64_2.0.0.202105311346/tools/bin/../lib/gcc/arm-none-eabi/9.3.1/../../../../arm-none-eabi/lib/thumb/v7-m/nofp/libc_nano.a(lib_a-sprintf.o)
                              ./Core/Src/HD44780.o (sprintf)
/opt/st/stm32cubeide_1.8.0/plugins/com.st.stm32cube.ide.mcu.externaltools.gnu-tools-for-stm32.9-2020-q2-update.linux64_2.0.0.202105311346/tools/bin/../lib/gcc/arm-none-eabi/9.3.1/../../../../arm-none-eabi/lib/thumb/v7-m/nofp/libc_nano.a(lib_a-strcmp.o)
                              ./Core/Src/GPS.o (strcmp)
/opt/st/stm32cubeide_1.8.0/plugins/com.st.stm32cube.ide.mcu.externaltools.gnu-tools-for-stm32.9-2020-q2-update.linux64_2.0.0.202105311346/tools/bin/../lib/gcc/arm-none-eabi/9.3.1/../../../../arm-none-eabi/lib/thumb/v7-m/nofp/libc_nano.a(lib_a-strlen.o)
                              ./Core/Src/menu.o (strlen)
[...]
Memory Configuration

Name             Origin             Length             Attributes
RAM              0x0000000020000000 0x0000000000005000 xrw
FLASH            0x0000000008000000 0x0000000000020000 xr
*default*        0x0000000000000000 0xffffffffffffffff

Linker script and memory map

LOAD /opt/st/stm32cubeide_1.8.0/plugins/com.st.stm32cube.ide.mcu.externaltools.gnu-tools-for-stm32.9-2020-q2-update.linux64_2.0.0.202105311346/tools/bin/../lib/gcc/arm-none-eabi/9.3.1/thumb/v7-m/nofp/crti.o
LOAD /opt/st/stm32cubeide_1.8.0/plugins/com.st.stm32cube.ide.mcu.externaltools.gnu-tools-for-stm32.9-2020-q2-update.linux64_2.0.0.202105311346/tools/bin/../lib/gcc/arm-none-eabi/9.3.1/thumb/v7-m/nofp/crtbegin.o
LOAD /opt/st/stm32cubeide_1.8.0/plugins/com.st.stm32cube.ide.mcu.externaltools.gnu-tools-for-stm32.9-2020-q2-update.linux64_2.0.0.202105311346/tools/bin/../lib/gcc/arm-none-eabi/9.3.1/../../../../arm-none-eabi/lib/thumb/v7-m/nofp/crt0.o
LOAD ./Core/Src/DHT11_sensor.o
LOAD ./Core/Src/Delayus.o
LOAD ./Core/Src/GPS.o
LOAD ./Core/Src/HD44780.o
LOAD ./Core/Src/brightness_callbac.o
LOAD ./Core/Src/button.o
LOAD ./Core/Src/gpio.o
LOAD ./Core/Src/hmc5883l.o
LOAD ./Core/Src/i2c.o
LOAD ./Core/Src/main.o
LOAD ./Core/Src/menu.o
LOAD ./Core/Src/stm32f1xx_hal_msp.o
LOAD ./Core/Src/stm32f1xx_it.o
LOAD ./Core/Src/syscalls.o
LOAD ./Core/Src/sysmem.o
LOAD ./Core/Src/system_stm32f1xx.o
LOAD ./Core/Src/tim.o
LOAD ./Core/Src/usart.o
LOAD ./Core/Startup/startup_stm32f103rbtx.o
LOAD ./Drivers/STM32F1xx_HAL_Driver/Src/stm32f1xx_hal.o
LOAD ./Drivers/STM32F1xx_HAL_Driver/Src/stm32f1xx_hal_cortex.o
LOAD ./Drivers/STM32F1xx_HAL_Driver/Src/stm32f1xx_hal_dma.o
LOAD ./Drivers/STM32F1xx_HAL_Driver/Src/stm32f1xx_hal_exti.o
LOAD ./Drivers/STM32F1xx_HAL_Driver/Src/stm32f1xx_hal_flash.o
LOAD ./Drivers/STM32F1xx_HAL_Driver/Src/stm32f1xx_hal_flash_ex.o
LOAD ./Drivers/STM32F1xx_HAL_Driver/Src/stm32f1xx_hal_gpio.o
LOAD ./Drivers/STM32F1xx_HAL_Driver/Src/stm32f1xx_hal_gpio_ex.o
LOAD ./Drivers/STM32F1xx_HAL_Driver/Src/stm32f1xx_hal_i2c.o
LOAD ./Drivers/STM32F1xx_HAL_Driver/Src/stm32f1xx_hal_pwr.o
LOAD ./Drivers/STM32F1xx_HAL_Driver/Src/stm32f1xx_hal_rcc.o
LOAD ./Drivers/STM32F1xx_HAL_Driver/Src/stm32f1xx_hal_rcc_ex.o
LOAD ./Drivers/STM32F1xx_HAL_Driver/Src/stm32f1xx_hal_tim.o
LOAD ./Drivers/STM32F1xx_HAL_Driver/Src/stm32f1xx_hal_tim_ex.o
LOAD ./Drivers/STM32F1xx_HAL_Driver/Src/stm32f1xx_hal_uart.o
START GROUP
LOAD /opt/st/stm32cubeide_1.8.0/plugins/com.st.stm32cube.ide.mcu.externaltools.gnu-tools-for-stm32.9-2020-q2-update.linux64_2.0.0.202105311346/tools/bin/../lib/gcc/arm-none-eabi/9.3.1/../../../../arm-none-eabi/lib/thumb/v7-m/nofp/libc_nano.a
LOAD /opt/st/stm32cubeide_1.8.0/plugins/com.st.stm32cube.ide.mcu.externaltools.gnu-tools-for-stm32.9-2020-q2-update.linux64_2.0.0.202105311346/tools/bin/../lib/gcc/arm-none-eabi/9.3.1/../../../../arm-none-eabi/lib/thumb/v7-m/nofp/libm.a
END GROUP
START GROUP
LOAD /opt/st/stm32cubeide_1.8.0/plugins/com.st.stm32cube.ide.mcu.externaltools.gnu-tools-for-stm32.9-2020-q2-update.linux64_2.0.0.202105311346/tools/bin/../lib/gcc/arm-none-eabi/9.3.1/thumb/v7-m/nofp/libgcc.a
LOAD /opt/st/stm32cubeide_1.8.0/plugins/com.st.stm32cube.ide.mcu.externaltools.gnu-tools-for-stm32.9-2020-q2-update.linux64_2.0.0.202105311346/tools/bin/../lib/gcc/arm-none-eabi/9.3.1/../../../../arm-none-eabi/lib/thumb/v7-m/nofp/libc_nano.a
END GROUP
START GROUP
LOAD /opt/st/stm32cubeide_1.8.0/plugins/com.st.stm32cube.ide.mcu.externaltools.gnu-tools-for-stm32.9-2020-q2-update.linux64_2.0.0.202105311346/tools/bin/../lib/gcc/arm-none-eabi/9.3.1/thumb/v7-m/nofp/libgcc.a
LOAD /opt/st/stm32cubeide_1.8.0/plugins/com.st.stm32cube.ide.mcu.externaltools.gnu-tools-for-stm32.9-2020-q2-update.linux64_2.0.0.202105311346/tools/bin/../lib/gcc/arm-none-eabi/9.3.1/../../../../arm-none-eabi/lib/thumb/v7-m/nofp/libc_nano.a
LOAD /opt/st/stm32cubeide_1.8.0/plugins/com.st.stm32cube.ide.mcu.externaltools.gnu-tools-for-stm32.9-2020-q2-update.linux64_2.0.0.202105311346/tools/bin/../lib/gcc/arm-none-eabi/9.3.1/../../../../arm-none-eabi/lib/thumb/v7-m/nofp/libnosys.a
END GROUP
START GROUP
LOAD /opt/st/stm32cubeide_1.8.0/plugins/com.st.stm32cube.ide.mcu.externaltools.gnu-tools-for-stm32.9-2020-q2-update.linux64_2.0.0.202105311346/tools/bin/../lib/gcc/arm-none-eabi/9.3.1/thumb/v7-m/nofp/libgcc.a
LOAD /opt/st/stm32cubeide_1.8.0/plugins/com.st.stm32cube.ide.mcu.externaltools.gnu-tools-for-stm32.9-2020-q2-update.linux64_2.0.0.202105311346/tools/bin/../lib/gcc/arm-none-eabi/9.3.1/../../../../arm-none-eabi/lib/thumb/v7-m/nofp/libc_nano.a
LOAD /opt/st/stm32cubeide_1.8.0/plugins/com.st.stm32cube.ide.mcu.externaltools.gnu-tools-for-stm32.9-2020-q2-update.linux64_2.0.0.202105311346/tools/bin/../lib/gcc/arm-none-eabi/9.3.1/../../../../arm-none-eabi/lib/thumb/v7-m/nofp/libnosys.a
END GROUP
LOAD /opt/st/stm32cubeide_1.8.0/plugins/com.st.stm32cube.ide.mcu.externaltools.gnu-tools-for-stm32.9-2020-q2-update.linux64_2.0.0.202105311346/tools/bin/../lib/gcc/arm-none-eabi/9.3.1/thumb/v7-m/nofp/crtend.o
LOAD /opt/st/stm32cubeide_1.8.0/plugins/com.st.stm32cube.ide.mcu.externaltools.gnu-tools-for-stm32.9-2020-q2-update.linux64_2.0.0.202105311346/tools/bin/../lib/gcc/arm-none-eabi/9.3.1/thumb/v7-m/nofp/crtn.o
                0x0000000020005000                _estack = (ORIGIN (RAM) + LENGTH (RAM))
                0x0000000000000200                _Min_Heap_Size = 0x200
                0x0000000000000400                _Min_Stack_Size = 0x400

.isr_vector     0x0000000008000000      0x10c
                0x0000000008000000                . = ALIGN (0x4)
 *(.isr_vector)
 .isr_vector    0x0000000008000000      0x10c ./Core/Startup/startup_stm32f103rbtx.o
                0x0000000008000000                g_pfnVectors
                0x000000000800010c                . = ALIGN (0x4)

.text           0x0000000008000110     0xc804
                0x0000000008000110                . = ALIGN (0x4)
 *(.text)
 .text          0x0000000008000110       0x40 /opt/st/stm32cubeide_1.8.0/plugins/com.st.stm32cube.ide.mcu.externaltools.gnu-tools-for-stm32.9-2020-q2-update.linux64_2.0.0.202105311346/tools/bin/../lib/gcc/arm-none-eabi/9.3.1/thumb/v7-m/nofp/crtbegin.o
 .text          0x0000000008000150       0x14 /opt/st/stm32cubeide_1.8.0/plugins/com.st.stm32cube.ide.mcu.externaltools.gnu-tools-for-stm32.9-2020-q2-update.linux64_2.0.0.202105311346/tools/bin/../lib/gcc/arm-none-eabi/9.3.1/../../../../arm-none-eabi/lib/thumb/v7-m/nofp/libc_nano.a(lib_a-strcmp.o)
                0x0000000008000150                strcmp
 .text          0x0000000008000164       0x10 /opt/st/stm32cubeide_1.8.0/plugins/com.st.stm32cube.ide.mcu.externaltools.gnu-tools-for-stm32.9-2020-q2-update.linux64_2.0.0.202105311346/tools/bin/../lib/gcc/arm-none-eabi/9.3.1/../../../../arm-none-eabi/lib/thumb/v7-m/nofp/libc_nano.a(lib_a-strlen.o)
                0x0000000008000164                strlen
 .text          0x0000000008000174      0x378 /opt/st/stm32cubeide_1.8.0/plugins/com.st.stm32cube.ide.mcu.externaltools.gnu-tools-for-stm32.9-2020-q2-update.linux64_2.0.0.202105311346/tools/bin/../lib/gcc/arm-none-eabi/9.3.1/thumb/v7-m/nofp/libgcc.a(_arm_addsubdf3.o)
                0x0000000008000174                __aeabi_drsub
                0x000000000800017c                __aeabi_dsub
                0x000000000800017c                __subdf3
                0x0000000008000180                __adddf3
                0x0000000008000180                __aeabi_dadd
                0x00000000080003f8                __aeabi_ui2d
                0x00000000080003f8                __floatunsidf
                0x0000000008000418                __floatsidf
                0x0000000008000418                __aeabi_i2d
                0x000000000800043c                __extendsfdf2
                0x000000000800043c                __aeabi_f2d
                0x0000000008000480                __aeabi_ul2d
                0x0000000008000480                __floatundidf
                0x0000000008000490                __floatdidf
                0x0000000008000490                __aeabi_l2d
 .text          0x00000000080004ec      0x424 /opt/st/stm32cubeide_1.8.0/plugins/com.st.stm32cube.ide.mcu.externaltools.gnu-tools-for-stm32.9-2020-q2-update.linux64_2.0.0.202105311346/tools/bin/../lib/gcc/arm-none-eabi/9.3.1/thumb/v7-m/nofp/libgcc.a(_arm_muldivdf3.o)
                0x00000000080004ec                __aeabi_dmul
                0x00000000080004ec                __muldf3
                0x0000000008000740                __aeabi_ddiv
                0x0000000008000740                __divdf3
 .text          0x0000000008000910      0x110 /opt/st/stm32cubeide_1.8.0/plugins/com.st.stm32cube.ide.mcu.externaltools.gnu-tools-for-stm32.9-2020-q2-update.linux64_2.0.0.202105311346/tools/bin/../lib/gcc/arm-none-eabi/9.3.1/thumb/v7-m/nofp/libgcc.a(_arm_cmpdf2.o)
                0x0000000008000910                __gtdf2
                0x0000000008000910                __gedf2
                0x0000000008000918                __ltdf2
                0x0000000008000918                __ledf2
                0x0000000008000920                __cmpdf2
                0x0000000008000920                __eqdf2
                0x0000000008000920                __nedf2
                0x000000000800099c                __aeabi_cdrcmple
                0x00000000080009ac                __aeabi_cdcmple
                0x00000000080009ac                __aeabi_cdcmpeq
                0x00000000080009bc                __aeabi_dcmpeq
                0x00000000080009d0                __aeabi_dcmplt
                0x00000000080009e4                __aeabi_dcmple
                0x00000000080009f8                __aeabi_dcmpge
                0x0000000008000a0c                __aeabi_dcmpgt
 .text          0x0000000008000a20       0x2c /opt/st/stm32cubeide_1.8.0/plugins/com.st.stm32cube.ide.mcu.externaltools.gnu-tools-for-stm32.9-2020-q2-update.linux64_2.0.0.202105311346/tools/bin/../lib/gcc/arm-none-eabi/9.3.1/thumb/v7-m/nofp/libgcc.a(_arm_unorddf2.o)
                0x0000000008000a20                __aeabi_dcmpun
                0x0000000008000a20                __unorddf2
 .text          0x0000000008000a4c       0x50 /opt/st/stm32cubeide_1.8.0/plugins/com.st.stm32cube.ide.mcu.externaltools.gnu-tools-for-stm32.9-2020-q2-update.linux64_2.0.0.202105311346/tools/bin/../lib/gcc/arm-none-eabi/9.3.1/thumb/v7-m/nofp/libgcc.a(_arm_fixdfsi.o)
                0x0000000008000a4c                __fixdfsi
                0x0000000008000a4c                __aeabi_d2iz
 .text          0x0000000008000a9c       0x40 /opt/st/stm32cubeide_1.8.0/plugins/com.st.stm32cube.ide.mcu.externaltools.gnu-tools-for-stm32.9-2020-q2-update.linux64_2.0.0.202105311346/tools/bin/../lib/gcc/arm-none-eabi/9.3.1/thumb/v7-m/nofp/libgcc.a(_arm_fixunsdfsi.o)
                0x0000000008000a9c                __fixunsdfsi
                0x0000000008000a9c                __aeabi_d2uiz
 .text          0x0000000008000adc       0xa0 /opt/st/stm32cubeide_1.8.0/plugins/com.st.stm32cube.ide.mcu.externaltools.gnu-tools-for-stm32.9-2020-q2-update.linux64_2.0.0.202105311346/tools/bin/../lib/gcc/arm-none-eabi/9.3.1/thumb/v7-m/nofp/libgcc.a(_arm_truncdfsf2.o)
                0x0000000008000adc                __aeabi_d2f
                0x0000000008000adc                __truncdfsf2
 .text          0x0000000008000b7c      0x21c /opt/st/stm32cubeide_1.8.0/plugins/com.st.stm32cube.ide.mcu.externaltools.gnu-tools-for-stm32.9-2020-q2-update.linux64_2.0.0.202105311346/tools/bin/../lib/gcc/arm-none-eabi/9.3.1/thumb/v7-m/nofp/libgcc.a(_arm_addsubsf3.o)
                0x0000000008000b7c                __aeabi_frsub
                0x0000000008000b84                __subsf3
                0x0000000008000b84                __aeabi_fsub
                0x0000000008000b88                __aeabi_fadd
                0x0000000008000b88                __addsf3
                0x0000000008000ce8                __aeabi_ui2f
                0x0000000008000ce8                __floatunsisf
                0x0000000008000cf0                __aeabi_i2f
                0x0000000008000cf0                __floatsisf
                0x0000000008000d0c                __floatundisf
                0x0000000008000d0c                __aeabi_ul2f
                0x0000000008000d1c                __floatdisf
                0x0000000008000d1c                __aeabi_l2f
 .text          0x0000000008000d98       0xec /opt/st/stm32cubeide_1.8.0/plugins/com.st.stm32cube.ide.mcu.externaltools.gnu-tools-for-stm32.9-2020-q2-update.linux64_2.0.0.202105311346/tools/bin/../lib/gcc/arm-none-eabi/9.3.1/thumb/v7-m/nofp/libgcc.a(_arm_cmpsf2.o)
                0x0000000008000d98                __gtsf2
                0x0000000008000d98                __gesf2
                0x0000000008000da0                __lesf2
                0x0000000008000da0                __ltsf2
                0x0000000008000da8                __nesf2
                0x0000000008000da8                __eqsf2
                0x0000000008000da8                __cmpsf2
                0x0000000008000e08                __aeabi_cfrcmple
                0x0000000008000e10                __aeabi_cfcmple
                0x0000000008000e10                __aeabi_cfcmpeq
                0x0000000008000e20                __aeabi_fcmpeq
                0x0000000008000e34                __aeabi_fcmplt
                0x0000000008000e48                __aeabi_fcmple
                0x0000000008000e5c                __aeabi_fcmpge
                0x0000000008000e70                __aeabi_fcmpgt
 .text          0x0000000008000e84       0x4c /opt/st/stm32cubeide_1.8.0/plugins/com.st.stm32cube.ide.mcu.externaltools.gnu-tools-for-stm32.9-2020-q2-update.linux64_2.0.0.202105311346/tools/bin/../lib/gcc/arm-none-eabi/9.3.1/thumb/v7-m/nofp/libgcc.a(_arm_fixsfsi.o)
                0x0000000008000e84                __fixsfsi
                0x0000000008000e84                __aeabi_f2iz
 .text          0x0000000008000ed0       0x40 /opt/st/stm32cubeide_1.8.0/plugins/com.st.stm32cube.ide.mcu.externaltools.gnu-tools-for-stm32.9-2020-q2-update.linux64_2.0.0.202105311346/tools/bin/../lib/gcc/arm-none-eabi/9.3.1/thumb/v7-m/nofp/libgcc.a(_arm_fixunssfsi.o)
                0x0000000008000ed0                __aeabi_f2uiz
                0x0000000008000ed0                __fixunssfsi
 .text          0x0000000008000f10       0x34 /opt/st/stm32cubeide_1.8.0/plugins/com.st.stm32cube.ide.mcu.externaltools.gnu-tools-for-stm32.9-2020-q2-update.linux64_2.0.0.202105311346/tools/bin/../lib/gcc/arm-none-eabi/9.3.1/thumb/v7-m/nofp/libgcc.a(_fixdfdi.o)
                0x0000000008000f10                __aeabi_d2lz
                0x0000000008000f10                __fixdfdi
 .text          0x0000000008000f44       0x3c /opt/st/stm32cubeide_1.8.0/plugins/com.st.stm32cube.ide.mcu.externaltools.gnu-tools-for-stm32.9-2020-q2-update.linux64_2.0.0.202105311346/tools/bin/../lib/gcc/arm-none-eabi/9.3.1/thumb/v7-m/nofp/libgcc.a(_fixunsdfdi.o)
                0x0000000008000f44                __aeabi_d2ulz
                0x0000000008000f44                __fixunsdfdi
 *(.text*)
 .text.DWT_Delay_Init
                0x0000000008000f80       0x60 ./Core/Src/DHT11_sensor.o
                0x0000000008000f80                DWT_Delay_Init
 .text.delay    0x0000000008000fe0       0x48 ./Core/Src/DHT11_sensor.o
 .text.Set_Pin_Output
                0x0000000008001028       0x3a ./Core/Src/DHT11_sensor.o
                0x0000000008001028                Set_Pin_Output
 .text.Set_Pin_Input
                0x0000000008001062       0x3a ./Core/Src/DHT11_sensor.o
                0x0000000008001062                Set_Pin_Input
 .text.DHT_Start
                0x000000000800109c       0x44 ./Core/Src/DHT11_sensor.o
                0x000000000800109c                DHT_Start
 .text.DHT_Check_Response
                0x00000000080010e0       0x5c ./Core/Src/DHT11_sensor.o
                0x00000000080010e0                DHT_Check_Response
 .text.DHT_Read
                0x000000000800113c       0x90 ./Core/Src/DHT11_sensor.o
                0x000000000800113c                DHT_Read
 .text.DHT_GetData
                0x00000000080011cc       0xb8 ./Core/Src/DHT11_sensor.o
                0x00000000080011cc                DHT_GetData
 .text.Temperature
                0x0000000008001284       0x28 ./Core/Src/DHT11_sensor.o
                0x0000000008001284                Temperature
 .text.Humidity
                0x00000000080012ac       0x28 ./Core/Src/DHT11_sensor.o
                0x00000000080012ac                Humidity
 .text.Delay_us
                0x00000000080012d4       0x30 ./Core/Src/Delayus.o
                0x00000000080012d4                Delay_us
 .text.strtoke  0x0000000008001304       0x64 ./Core/Src/GPS.o
                0x0000000008001304                strtoke
 .text.NEO6_ReceiveUartChar
                0x0000000008001368       0xa4 ./Core/Src/GPS.o
                0x0000000008001368                NEO6_ReceiveUartChar
 .text.NEO6_GetCharFromBuffer
                0x000000000800140c       0x50 ./Core/Src/GPS.o
                0x000000000800140c                NEO6_GetCharFromBuffer
 .text.NEO6_GetLineFromBuffer
                0x000000000800145c       0x62 ./Core/Src/GPS.o
                0x000000000800145c                NEO6_GetLineFromBuffer
 *fill*         0x00000000080014be        0x2 
 .text.NEO6_ParseGPRMC
                0x00000000080014c0      0x1b0 ./Core/Src/GPS.o
                0x00000000080014c0                NEO6_ParseGPRMC
 .text.NEO6_ParseGPVTG
                0x0000000008001670       0x8c ./Core/Src/GPS.o
                0x0000000008001670                NEO6_ParseGPVTG
 .text.NEO6_ParseGPGGA
                0x00000000080016fc       0xb8 ./Core/Src/GPS.o
                0x00000000080016fc                NEO6_ParseGPGGA
 .text.NEO6_ParseGPGSA
                0x00000000080017b4       0xc4 ./Core/Src/GPS.o
                0x00000000080017b4                NEO6_ParseGPGSA
 .text.NEO6_ParseLine
                0x0000000008001878       0x8c ./Core/Src/GPS.o
                0x0000000008001878                NEO6_ParseLine
 .text.NEO6_IsFix
                0x0000000008001904       0x18 ./Core/Src/GPS.o
                0x0000000008001904                NEO6_IsFix
 .text.NEO6_Task
                0x000000000800191c       0x26 ./Core/Src/GPS.o
                0x000000000800191c                NEO6_Task
 *fill*         0x0000000008001942        0x2 
 .text.NEO6_Init
                0x0000000008001944       0xf4 ./Core/Src/GPS.o
                0x0000000008001944                NEO6_Init
 .text.NEO6_Recive_Data
                0x0000000008001a38       0x24 ./Core/Src/GPS.o
                0x0000000008001a38                NEO6_Recive_Data
 .text.LCD_SetDataPort
                0x0000000008001a5c       0x98 ./Core/Src/HD44780.o
 .text.LCD_GetDataPort
                0x0000000008001af4       0x70 ./Core/Src/HD44780.o
 .text.LCD_DataOut
                0x0000000008001b64       0x2c ./Core/Src/HD44780.o
 .text.LCD_DataIn
                0x0000000008001b90       0x28 ./Core/Src/HD44780.o
 .text.LCD_ReadByte
                0x0000000008001bb8       0x68 ./Core/Src/HD44780.o
                0x0000000008001bb8                LCD_ReadByte
 .text.LCD_CheckBusyFlag
                0x0000000008001c20       0x1c ./Core/Src/HD44780.o
                0x0000000008001c20                LCD_CheckBusyFlag
 .text.LCD_WriteByte
                0x0000000008001c3c       0x70 ./Core/Src/HD44780.o
                0x0000000008001c3c                LCD_WriteByte
 .text.LCD_WriteCmd
                0x0000000008001cac       0x28 ./Core/Src/HD44780.o
                0x0000000008001cac                LCD_WriteCmd
 .text.LCD_WriteData
                0x0000000008001cd4       0x28 ./Core/Src/HD44780.o
                0x0000000008001cd4                LCD_WriteData
 .text.LCD_Char
                0x0000000008001cfc       0x32 ./Core/Src/HD44780.o
                0x0000000008001cfc                LCD_Char
 .text.LCD_String
                0x0000000008001d2e       0x2c ./Core/Src/HD44780.o
                0x0000000008001d2e                LCD_String
 .text.LCD_Menu_Clear
                0x0000000008001d5a       0x36 ./Core/Src/HD44780.o
                0x0000000008001d5a                LCD_Menu_Clear
 .text.LCD_write
                0x0000000008001d90       0x3e ./Core/Src/HD44780.o
                0x0000000008001d90                LCD_write
 *fill*         0x0000000008001dce        0x2 
 .text.LCD_Int  0x0000000008001dd0       0x2c ./Core/Src/HD44780.o
                0x0000000008001dd0                LCD_Int
 .text.LCD_Locate
                0x0000000008001dfc       0x42 ./Core/Src/HD44780.o
                0x0000000008001dfc                LCD_Locate
 .text.LCD_Cls  0x0000000008001e3e        0xe ./Core/Src/HD44780.o
                0x0000000008001e3e                LCD_Cls
 .text.LCD_Init
                0x0000000008001e4c       0x78 ./Core/Src/HD44780.o
                0x0000000008001e4c                LCD_Init
 .text.LCD_Brightness_Next
                0x0000000008001ec4       0x2c ./Core/Src/brightness_callbac.o
                0x0000000008001ec4                LCD_Brightness_Next
 .text.LCD_Brightness_Back
                0x0000000008001ef0       0x44 ./Core/Src/brightness_callbac.o
                0x0000000008001ef0                LCD_Brightness_Back
 .text.LCD_Brightness_Prev
                0x0000000008001f34       0x2c ./Core/Src/brightness_callbac.o
                0x0000000008001f34                LCD_Brightness_Prev
 .text.LCD_Brightness_Refresh
                0x0000000008001f60       0x44 ./Core/Src/brightness_callbac.o
                0x0000000008001f60                LCD_Brightness_Refresh
 .text.LCD_Display_Test_Refresh
                0x0000000008001fa4       0x8c ./Core/Src/brightness_callbac.o
                0x0000000008001fa4                LCD_Display_Test_Refresh
 .text.LCD_Display_Compas_Refresh
                0x0000000008002030      0x27c ./Core/Src/brightness_callbac.o
                0x0000000008002030                LCD_Display_Compas_Refresh
 .text.LCD_Display_Temperature_Refresh
                0x00000000080022ac       0x7c ./Core/Src/brightness_callbac.o
                0x00000000080022ac                LCD_Display_Temperature_Refresh
 .text.LCD_Display_Humidity_Refresh
                0x0000000008002328       0x70 ./Core/Src/brightness_callbac.o
                0x0000000008002328                LCD_Display_Humidity_Refresh
 .text.GPS_Display_Data_Refresh
                0x0000000008002398       0xa4 ./Core/Src/brightness_callbac.o
                0x0000000008002398                GPS_Display_Data_Refresh
 .text.GPS_Display_Hour_Refresh
                0x000000000800243c       0xb4 ./Core/Src/brightness_callbac.o
                0x000000000800243c                GPS_Display_Hour_Refresh
 .text.GPS_Display_SatelitesNumber_Refresh
                0x00000000080024f0       0x84 ./Core/Src/brightness_callbac.o
                0x00000000080024f0                GPS_Display_SatelitesNumber_Refresh
 .text.GPS_Display_Altitude_Refresh
                0x0000000008002574       0x8c ./Core/Src/brightness_callbac.o
                0x0000000008002574                GPS_Display_Altitude_Refresh
 .text.GPS_Display_Latitude_Refresh
                0x0000000008002600       0xb0 ./Core/Src/brightness_callbac.o
                0x0000000008002600                GPS_Display_Latitude_Refresh
 .text.GPS_Display_Longitude_Refresh
                0x00000000080026b0       0xb0 ./Core/Src/brightness_callbac.o
                0x00000000080026b0                GPS_Display_Longitude_Refresh
 .text.GPS_Display_Speed_Refresh
                0x0000000008002760       0xa8 ./Core/Src/brightness_callbac.o
                0x0000000008002760                GPS_Display_Speed_Refresh
 .text.GPS_Display_Longitude_Callback
                0x0000000008002808       0x38 ./Core/Src/brightness_callbac.o
                0x0000000008002808                GPS_Display_Longitude_Callback
 .text.GPS_Display_Latitude_Callback
                0x0000000008002840       0x38 ./Core/Src/brightness_callbac.o
                0x0000000008002840                GPS_Display_Latitude_Callback
 .text.GPS_Display_Altitude_Callback
                0x0000000008002878       0x38 ./Core/Src/brightness_callbac.o
                0x0000000008002878                GPS_Display_Altitude_Callback
 .text.GPS_Display_SatelitesNumber_Callback
                0x00000000080028b0       0x38 ./Core/Src/brightness_callbac.o
                0x00000000080028b0                GPS_Display_SatelitesNumber_Callback
 .text.GPS_Display_Hour_Callback
                0x00000000080028e8       0x38 ./Core/Src/brightness_callbac.o
                0x00000000080028e8                GPS_Display_Hour_Callback
 .text.GPS_Display_Data_Callback
                0x0000000008002920       0x38 ./Core/Src/brightness_callbac.o
                0x0000000008002920                GPS_Display_Data_Callback
 .text.LCD_Display_Himidity_Callback
                0x0000000008002958       0x38 ./Core/Src/brightness_callbac.o
                0x0000000008002958                LCD_Display_Himidity_Callback
 .text.LCD_Display_Temperature_Callback
                0x0000000008002990       0x38 ./Core/Src/brightness_callbac.o
                0x0000000008002990                LCD_Display_Temperature_Callback
 .text.LCD_Display_Compas_Callback
                0x00000000080029c8       0x38 ./Core/Src/brightness_callbac.o
                0x00000000080029c8                LCD_Display_Compas_Callback
 .text.LCD_Brightness_Callback
                0x0000000008002a00       0x40 ./Core/Src/brightness_callbac.o
                0x0000000008002a00                LCD_Brightness_Callback
 .text.LCD_Display_Test_Callback
                0x0000000008002a40       0x38 ./Core/Src/brightness_callbac.o
                0x0000000008002a40                LCD_Display_Test_Callback
 .text.ButtonEnterInitKey
                0x0000000008002a78       0x32 ./Core/Src/button.o
                0x0000000008002a78                ButtonEnterInitKey
 .text.ButtonBackInitKey
                0x0000000008002aaa       0x32 ./Core/Src/button.o
                0x0000000008002aaa                ButtonBackInitKey
 .text.ButtonPrevInitKey
                0x0000000008002adc       0x32 ./Core/Src/button.o
                0x0000000008002adc                ButtonPrevInitKey
 .text.ButtonNextInitKey
                0x0000000008002b0e       0x32 ./Core/Src/button.o
                0x0000000008002b0e                ButtonNextInitKey
 .text.ButtonBackPressCallback
                0x0000000008002b40       0x1a ./Core/Src/button.o
                0x0000000008002b40                ButtonBackPressCallback
 .text.ButtonNextPressCallback
                0x0000000008002b5a       0x1a ./Core/Src/button.o
                0x0000000008002b5a                ButtonNextPressCallback
 .text.ButtonPrevPressCallback
                0x0000000008002b74       0x1a ./Core/Src/button.o
                0x0000000008002b74                ButtonPrevPressCallback
 .text.ButtonEnterPressCallback
                0x0000000008002b8e       0x1a ./Core/Src/button.o
                0x0000000008002b8e                ButtonEnterPressCallback
 .text.ButtonNextIdleRoutine
                0x0000000008002ba8       0x36 ./Core/Src/button.o
                0x0000000008002ba8                ButtonNextIdleRoutine
 .text.ButtonNextPressedRoutine
                0x0000000008002bde       0x2c ./Core/Src/button.o
                0x0000000008002bde                ButtonNextPressedRoutine
 .text.ButtonNextDebounceRoutine
                0x0000000008002c0a       0x4e ./Core/Src/button.o
                0x0000000008002c0a                ButtonNextDebounceRoutine
 .text.ButtonNextTask
                0x0000000008002c58       0x3e ./Core/Src/button.o
                0x0000000008002c58                ButtonNextTask
 .text.ButtonEnterIdleRoutine
                0x0000000008002c96       0x36 ./Core/Src/button.o
                0x0000000008002c96                ButtonEnterIdleRoutine
 .text.ButtonEnterPressedRoutine
                0x0000000008002ccc       0x2c ./Core/Src/button.o
                0x0000000008002ccc                ButtonEnterPressedRoutine
 .text.ButtonEnterDebounceRoutine
                0x0000000008002cf8       0x4e ./Core/Src/button.o
                0x0000000008002cf8                ButtonEnterDebounceRoutine
 .text.ButtonEnterTask
                0x0000000008002d46       0x3e ./Core/Src/button.o
                0x0000000008002d46                ButtonEnterTask
 .text.ButtonBackIdleRoutine
                0x0000000008002d84       0x36 ./Core/Src/button.o
                0x0000000008002d84                ButtonBackIdleRoutine
 .text.ButtonBackPressedRoutine
                0x0000000008002dba       0x2c ./Core/Src/button.o
                0x0000000008002dba                ButtonBackPressedRoutine
 .text.ButtonBackDebounceRoutine
                0x0000000008002de6       0x4e ./Core/Src/button.o
                0x0000000008002de6                ButtonBackDebounceRoutine
 .text.ButtonBackTask
                0x0000000008002e34       0x3e ./Core/Src/button.o
                0x0000000008002e34                ButtonBackTask
 .text.ButtonPrevIdleRoutine
                0x0000000008002e72       0x36 ./Core/Src/button.o
                0x0000000008002e72                ButtonPrevIdleRoutine
 .text.ButtonPrevPressedRoutine
                0x0000000008002ea8       0x2c ./Core/Src/button.o
                0x0000000008002ea8                ButtonPrevPressedRoutine
 .text.ButtonPrevDebounceRoutine
                0x0000000008002ed4       0x4e ./Core/Src/button.o
                0x0000000008002ed4                ButtonPrevDebounceRoutine
 .text.ButtonPrevTask
                0x0000000008002f22       0x3e ./Core/Src/button.o
                0x0000000008002f22                ButtonPrevTask
 .text.MX_GPIO_Init
                0x0000000008002f60      0x1a0 ./Core/Src/gpio.o
                0x0000000008002f60                MX_GPIO_Init
 .text.Read8    0x0000000008003100       0x3e ./Core/Src/hmc5883l.o
                0x0000000008003100                Read8
 .text.HMC5883L_getHeadingX
                0x000000000800313e       0x4a ./Core/Src/hmc5883l.o
                0x000000000800313e                HMC5883L_getHeadingX
 .text.HMC5883L_getHeadingZ
                0x0000000008003188       0x4a ./Core/Src/hmc5883l.o
                0x0000000008003188                HMC5883L_getHeadingZ
 .text.HMC5883L_getHeadingY
                0x00000000080031d2       0x4a ./Core/Src/hmc5883l.o
                0x00000000080031d2                HMC5883L_getHeadingY
 .text.Write8   0x000000000800321c       0x3e ./Core/Src/hmc5883l.o
                0x000000000800321c                Write8
 .text.HMC5883L_MeasureMode
                0x000000000800325a       0x3e ./Core/Src/hmc5883l.o
                0x000000000800325a                HMC5883L_MeasureMode
 .text.HMC5883L_DataOutputRate
                0x0000000008003298       0x3c ./Core/Src/hmc5883l.o
                0x0000000008003298                HMC5883L_DataOutputRate
 .text.HMC5883L_SamplesAveraged
                0x00000000080032d4       0x3c ./Core/Src/hmc5883l.o
                0x00000000080032d4                HMC5883L_SamplesAveraged
 .text.HMC5883L_Gain
                0x0000000008003310       0x3c ./Core/Src/hmc5883l.o
                0x0000000008003310                HMC5883L_Gain
 .text.HMC5883L_OperatingMode
                0x000000000800334c       0x30 ./Core/Src/hmc5883l.o
                0x000000000800334c                HMC5883L_OperatingMode
 *fill*         0x000000000800337c        0x4 
 .text.Direction_Radians
                0x0000000008003380       0xec ./Core/Src/hmc5883l.o
                0x0000000008003380                Direction_Radians
 *fill*         0x000000000800346c        0x4 
 .text.Direction_Degress
                0x0000000008003470       0x48 ./Core/Src/hmc5883l.o
                0x0000000008003470                Direction_Degress
 .text.Compas_Degress
                0x00000000080034b8       0x78 ./Core/Src/hmc5883l.o
                0x00000000080034b8                Compas_Degress
 .text.HMC5883L_Init
                0x0000000008003530       0x4c ./Core/Src/hmc5883l.o
                0x0000000008003530                HMC5883L_Init
 .text.MX_I2C1_Init
                0x000000000800357c       0x5c ./Core/Src/i2c.o
                0x000000000800357c                MX_I2C1_Init
 .text.HAL_I2C_MspInit
                0x00000000080035d8       0xa0 ./Core/Src/i2c.o
                0x00000000080035d8                HAL_I2C_MspInit
 .text.main     0x0000000008003678      0x3c8 ./Core/Src/main.o
                0x0000000008003678                main
 .text.SystemClock_Config
                0x0000000008003a40       0x82 ./Core/Src/main.o
                0x0000000008003a40                SystemClock_Config
 *fill*         0x0000000008003ac2        0x2 
 .text.HAL_UART_RxCpltCallback
                0x0000000008003ac4       0x24 ./Core/Src/main.o
                0x0000000008003ac4                HAL_UART_RxCpltCallback
 .text.Error_Handler
                0x0000000008003ae8        0xa ./Core/Src/main.o
                0x0000000008003ae8                Error_Handler
 *fill*         0x0000000008003af2        0x2 
 .text.menu_refresh
                0x0000000008003af4       0xfc ./Core/Src/menu.o
                0x0000000008003af4                menu_refresh
 .text.menu_get_index
                0x0000000008003bf0       0x48 ./Core/Src/menu.o
                0x0000000008003bf0                menu_get_index
 .text.menu_get_level
                0x0000000008003c38       0x3c ./Core/Src/menu.o
                0x0000000008003c38                menu_get_level
 .text.key_next_press
                0x0000000008003c74       0x1c ./Core/Src/menu.o
                0x0000000008003c74                key_next_press
 .text.key_prev_press
                0x0000000008003c90       0x1c ./Core/Src/menu.o
                0x0000000008003c90                key_prev_press
 .text.key_enter_press
                0x0000000008003cac       0x1c ./Core/Src/menu.o
                0x0000000008003cac                key_enter_press
 .text.key_back_press
                0x0000000008003cc8       0x1c ./Core/Src/menu.o
                0x0000000008003cc8                key_back_press
 .text.menu_back
                0x0000000008003ce4       0x70 ./Core/Src/menu.o
                0x0000000008003ce4                menu_back
 .text.menu_enter
                0x0000000008003d54       0x7c ./Core/Src/menu.o
                0x0000000008003d54                menu_enter
 .text.menu_next
                0x0000000008003dd0       0x84 ./Core/Src/menu.o
                0x0000000008003dd0                menu_next
 .text.menu_prev
                0x0000000008003e54       0x64 ./Core/Src/menu.o
                0x0000000008003e54                menu_prev
 .text.HAL_MspInit
                0x0000000008003eb8       0x64 ./Core/Src/stm32f1xx_hal_msp.o
                0x0000000008003eb8                HAL_MspInit
 .text.NMI_Handler
                0x0000000008003f1c        0x6 ./Core/Src/stm32f1xx_it.o
                0x0000000008003f1c                NMI_Handler
 .text.HardFault_Handler
                0x0000000008003f22        0x6 ./Core/Src/stm32f1xx_it.o
                0x0000000008003f22                HardFault_Handler
 .text.MemManage_Handler
                0x0000000008003f28        0x6 ./Core/Src/stm32f1xx_it.o
                0x0000000008003f28                MemManage_Handler
 .text.BusFault_Handler
                0x0000000008003f2e        0x6 ./Core/Src/stm32f1xx_it.o
                0x0000000008003f2e                BusFault_Handler
 .text.UsageFault_Handler
                0x0000000008003f34        0x6 ./Core/Src/stm32f1xx_it.o
                0x0000000008003f34                UsageFault_Handler
 .text.SVC_Handler
                0x0000000008003f3a        0xc ./Core/Src/stm32f1xx_it.o
                0x0000000008003f3a                SVC_Handler
 .text.DebugMon_Handler
                0x0000000008003f46        0xc ./Core/Src/stm32f1xx_it.o
                0x0000000008003f46                DebugMon_Handler
 .text.PendSV_Handler
                0x0000000008003f52        0xc ./Core/Src/stm32f1xx_it.o
                0x0000000008003f52                PendSV_Handler
 .text.SysTick_Handler
                0x0000000008003f5e        0xc ./Core/Src/stm32f1xx_it.o
                0x0000000008003f5e                SysTick_Handler
 *fill*         0x0000000008003f6a        0x2 
 .text.TIM2_IRQHandler
                0x0000000008003f6c       0x14 ./Core/Src/stm32f1xx_it.o
                0x0000000008003f6c                TIM2_IRQHandler
 .text.TIM3_IRQHandler
                0x0000000008003f80       0x14 ./Core/Src/stm32f1xx_it.o
                0x0000000008003f80                TIM3_IRQHandler
 .text.USART1_IRQHandler
                0x0000000008003f94       0x14 ./Core/Src/stm32f1xx_it.o
                0x0000000008003f94                USART1_IRQHandler
 .text.USART2_IRQHandler
                0x0000000008003fa8       0x14 ./Core/Src/stm32f1xx_it.o
                0x0000000008003fa8                USART2_IRQHandler
 .text.EXTI15_10_IRQHandler
                0x0000000008003fbc       0x10 ./Core/Src/stm32f1xx_it.o
                0x0000000008003fbc                EXTI15_10_IRQHandler
 .text._getpid  0x0000000008003fcc        0xe ./Core/Src/syscalls.o
                0x0000000008003fcc                _getpid
 .text._kill    0x0000000008003fda       0x20 ./Core/Src/syscalls.o
                0x0000000008003fda                _kill
 .text._exit    0x0000000008003ffa       0x14 ./Core/Src/syscalls.o
                0x0000000008003ffa                _exit
 .text._read    0x000000000800400e       0x3a ./Core/Src/syscalls.o
                0x000000000800400e                _read
 .text._write   0x0000000008004048       0x38 ./Core/Src/syscalls.o
                0x0000000008004048                _write
 .text._close   0x0000000008004080       0x16 ./Core/Src/syscalls.o
                0x0000000008004080                _close
 .text._fstat   0x0000000008004096       0x1e ./Core/Src/syscalls.o
                0x0000000008004096                _fstat
 .text._isatty  0x00000000080040b4       0x14 ./Core/Src/syscalls.o
                0x00000000080040b4                _isatty
 .text._lseek   0x00000000080040c8       0x18 ./Core/Src/syscalls.o
                0x00000000080040c8                _lseek
 .text._sbrk    0x00000000080040e0       0x6c ./Core/Src/sysmem.o
                0x00000000080040e0                _sbrk
 .text.SystemInit
                0x000000000800414c        0xc ./Core/Src/system_stm32f1xx.o
                0x000000000800414c                SystemInit
 .text.MX_TIM2_Init
                0x0000000008004158       0xec ./Core/Src/tim.o
                0x0000000008004158                MX_TIM2_Init
 .text.MX_TIM3_Init
                0x0000000008004244       0x9c ./Core/Src/tim.o
                0x0000000008004244                MX_TIM3_Init
 .text.HAL_TIM_Base_MspInit
                0x00000000080042e0       0x80 ./Core/Src/tim.o
                0x00000000080042e0                HAL_TIM_Base_MspInit
 .text.HAL_TIM_MspPostInit
                0x0000000008004360       0x60 ./Core/Src/tim.o
                0x0000000008004360                HAL_TIM_MspPostInit
 .text.MX_USART1_UART_Init
                0x00000000080043c0       0x54 ./Core/Src/usart.o
                0x00000000080043c0                MX_USART1_UART_Init
 .text.MX_USART2_UART_Init
                0x0000000008004414       0x54 ./Core/Src/usart.o
                0x0000000008004414                MX_USART2_UART_Init
 .text.HAL_UART_MspInit
                0x0000000008004468      0x110 ./Core/Src/usart.o
                0x0000000008004468                HAL_UART_MspInit
 .text.Reset_Handler
                0x0000000008004578       0x48 ./Core/Startup/startup_stm32f103rbtx.o
                0x0000000008004578                Reset_Handler
 .text.Default_Handler
                0x00000000080045c0        0x2 ./Core/Startup/startup_stm32f103rbtx.o
                0x00000000080045c0                RTC_Alarm_IRQHandler
                0x00000000080045c0                EXTI2_IRQHandler
                0x00000000080045c0                TIM1_CC_IRQHandler
                0x00000000080045c0                PVD_IRQHandler
                0x00000000080045c0                EXTI3_IRQHandler
                0x00000000080045c0                EXTI0_IRQHandler
                0x00000000080045c0                I2C2_EV_IRQHandler
                0x00000000080045c0                ADC1_2_IRQHandler
                0x00000000080045c0                SPI1_IRQHandler
                0x00000000080045c0                TAMPER_IRQHandler
                0x00000000080045c0                DMA1_Channel4_IRQHandler
                0x00000000080045c0                USART3_IRQHandler
                0x00000000080045c0                RTC_IRQHandler
                0x00000000080045c0                DMA1_Channel7_IRQHandler
                0x00000000080045c0                CAN1_RX1_IRQHandler
                0x00000000080045c0                TIM4_IRQHandler
                0x00000000080045c0                I2C1_EV_IRQHandler
                0x00000000080045c0                DMA1_Channel6_IRQHandler
                0x00000000080045c0                RCC_IRQHandler
                0x00000000080045c0                TIM1_TRG_COM_IRQHandler
                0x00000000080045c0                DMA1_Channel1_IRQHandler
                0x00000000080045c0                Default_Handler
                0x00000000080045c0                EXTI9_5_IRQHandler
                0x00000000080045c0                SPI2_IRQHandler
                0x00000000080045c0                DMA1_Channel5_IRQHandler
                0x00000000080045c0                EXTI4_IRQHandler
                0x00000000080045c0                USB_LP_CAN1_RX0_IRQHandler
                0x00000000080045c0                USB_HP_CAN1_TX_IRQHandler
                0x00000000080045c0                DMA1_Channel3_IRQHandler
                0x00000000080045c0                TIM1_UP_IRQHandler
                0x00000000080045c0                WWDG_IRQHandler
                0x00000000080045c0                TIM1_BRK_IRQHandler
                0x00000000080045c0                EXTI1_IRQHandler
                0x00000000080045c0                I2C2_ER_IRQHandler
                0x00000000080045c0                DMA1_Channel2_IRQHandler
                0x00000000080045c0                CAN1_SCE_IRQHandler
                0x00000000080045c0                FLASH_IRQHandler
                0x00000000080045c0                I2C1_ER_IRQHandler
                0x00000000080045c0                USBWakeUp_IRQHandler
 *fill*         0x00000000080045c2        0x2 
 .text.HAL_Init
                0x00000000080045c4       0x2c ./Drivers/STM32F1xx_HAL_Driver/Src/stm32f1xx_hal.o
                0x00000000080045c4                HAL_Init
 .text.HAL_InitTick
                0x00000000080045f0       0x60 ./Drivers/STM32F1xx_HAL_Driver/Src/stm32f1xx_hal.o
                0x00000000080045f0                HAL_InitTick
 .text.HAL_IncTick
                0x0000000008004650       0x24 ./Drivers/STM32F1xx_HAL_Driver/Src/stm32f1xx_hal.o
                0x0000000008004650                HAL_IncTick
 .text.HAL_GetTick
                0x0000000008004674       0x14 ./Drivers/STM32F1xx_HAL_Driver/Src/stm32f1xx_hal.o
                0x0000000008004674                HAL_GetTick
 .text.HAL_Delay
                0x0000000008004688       0x48 ./Drivers/STM32F1xx_HAL_Driver/Src/stm32f1xx_hal.o
                0x0000000008004688                HAL_Delay
 .text.__NVIC_SetPriorityGrouping
                0x00000000080046d0       0x48 ./Drivers/STM32F1xx_HAL_Driver/Src/stm32f1xx_hal_cortex.o
 .text.__NVIC_GetPriorityGrouping
                0x0000000008004718       0x1c ./Drivers/STM32F1xx_HAL_Driver/Src/stm32f1xx_hal_cortex.o
 .text.__NVIC_EnableIRQ
                0x0000000008004734       0x38 ./Drivers/STM32F1xx_HAL_Driver/Src/stm32f1xx_hal_cortex.o
 .text.__NVIC_SetPriority
                0x000000000800476c       0x54 ./Drivers/STM32F1xx_HAL_Driver/Src/stm32f1xx_hal_cortex.o
 .text.NVIC_EncodePriority
                0x00000000080047c0       0x64 ./Drivers/STM32F1xx_HAL_Driver/Src/stm32f1xx_hal_cortex.o
 .text.SysTick_Config
                0x0000000008004824       0x44 ./Drivers/STM32F1xx_HAL_Driver/Src/stm32f1xx_hal_cortex.o
 .text.HAL_NVIC_SetPriorityGrouping
                0x0000000008004868       0x16 ./Drivers/STM32F1xx_HAL_Driver/Src/stm32f1xx_hal_cortex.o
                0x0000000008004868                HAL_NVIC_SetPriorityGrouping
 .text.HAL_NVIC_SetPriority
                0x000000000800487e       0x38 ./Drivers/STM32F1xx_HAL_Driver/Src/stm32f1xx_hal_cortex.o
                0x000000000800487e                HAL_NVIC_SetPriority
 .text.HAL_NVIC_EnableIRQ
                0x00000000080048b6       0x1c ./Drivers/STM32F1xx_HAL_Driver/Src/stm32f1xx_hal_cortex.o
                0x00000000080048b6                HAL_NVIC_EnableIRQ
 .text.HAL_SYSTICK_Config
                0x00000000080048d2       0x18 ./Drivers/STM32F1xx_HAL_Driver/Src/stm32f1xx_hal_cortex.o
                0x00000000080048d2                HAL_SYSTICK_Config
 .text.HAL_DMA_Abort
                0x00000000080048ea       0x74 ./Drivers/STM32F1xx_HAL_Driver/Src/stm32f1xx_hal_dma.o
                0x00000000080048ea                HAL_DMA_Abort
 *fill*         0x000000000800495e        0x2 
 .text.HAL_DMA_Abort_IT
                0x0000000008004960       0xec ./Drivers/STM32F1xx_HAL_Driver/Src/stm32f1xx_hal_dma.o
                0x0000000008004960                HAL_DMA_Abort_IT
 .text.HAL_GPIO_Init
                0x0000000008004a4c      0x308 ./Drivers/STM32F1xx_HAL_Driver/Src/stm32f1xx_hal_gpio.o
                0x0000000008004a4c                HAL_GPIO_Init
 .text.HAL_GPIO_ReadPin
                0x0000000008004d54       0x2e ./Drivers/STM32F1xx_HAL_Driver/Src/stm32f1xx_hal_gpio.o
                0x0000000008004d54                HAL_GPIO_ReadPin
 .text.HAL_GPIO_WritePin
                0x0000000008004d82       0x30 ./Drivers/STM32F1xx_HAL_Driver/Src/stm32f1xx_hal_gpio.o
                0x0000000008004d82                HAL_GPIO_WritePin
 .text.HAL_GPIO_TogglePin
                0x0000000008004db2       0x32 ./Drivers/STM32F1xx_HAL_Driver/Src/stm32f1xx_hal_gpio.o
                0x0000000008004db2                HAL_GPIO_TogglePin
 .text.HAL_GPIO_EXTI_IRQHandler
                0x0000000008004de4       0x30 ./Drivers/STM32F1xx_HAL_Driver/Src/stm32f1xx_hal_gpio.o
                0x0000000008004de4                HAL_GPIO_EXTI_IRQHandler
 .text.HAL_GPIO_EXTI_Callback
                0x0000000008004e14       0x14 ./Drivers/STM32F1xx_HAL_Driver/Src/stm32f1xx_hal_gpio.o
                0x0000000008004e14                HAL_GPIO_EXTI_Callback
 .text.HAL_I2C_Init
                0x0000000008004e28      0x288 ./Drivers/STM32F1xx_HAL_Driver/Src/stm32f1xx_hal_i2c.o
                0x0000000008004e28                HAL_I2C_Init
 .text.HAL_I2C_Mem_Write
                0x00000000080050b0      0x1f4 ./Drivers/STM32F1xx_HAL_Driver/Src/stm32f1xx_hal_i2c.o
                0x00000000080050b0                HAL_I2C_Mem_Write
 .text.HAL_I2C_Mem_Read
                0x00000000080052a4      0x4d0 ./Drivers/STM32F1xx_HAL_Driver/Src/stm32f1xx_hal_i2c.o
                0x00000000080052a4                HAL_I2C_Mem_Read
 .text.I2C_RequestMemoryWrite
                0x0000000008005774      0x12c ./Drivers/STM32F1xx_HAL_Driver/Src/stm32f1xx_hal_i2c.o
 .text.I2C_RequestMemoryRead
                0x00000000080058a0      0x1d0 ./Drivers/STM32F1xx_HAL_Driver/Src/stm32f1xx_hal_i2c.o
 .text.I2C_WaitOnFlagUntilTimeout
                0x0000000008005a70       0xae ./Drivers/STM32F1xx_HAL_Driver/Src/stm32f1xx_hal_i2c.o
 .text.I2C_WaitOnMasterAddressFlagUntilTimeout
                0x0000000008005b1e       0xfe ./Drivers/STM32F1xx_HAL_Driver/Src/stm32f1xx_hal_i2c.o
 .text.I2C_WaitOnTXEFlagUntilTimeout
                0x0000000008005c1c       0x82 ./Drivers/STM32F1xx_HAL_Driver/Src/stm32f1xx_hal_i2c.o
 .text.I2C_WaitOnBTFFlagUntilTimeout
                0x0000000008005c9e       0x82 ./Drivers/STM32F1xx_HAL_Driver/Src/stm32f1xx_hal_i2c.o
 .text.I2C_WaitOnRXNEFlagUntilTimeout
                0x0000000008005d20       0xac ./Drivers/STM32F1xx_HAL_Driver/Src/stm32f1xx_hal_i2c.o
 .text.I2C_IsAcknowledgeFailed
                0x0000000008005dcc       0x5c ./Drivers/STM32F1xx_HAL_Driver/Src/stm32f1xx_hal_i2c.o
 .text.HAL_RCC_OscConfig
                0x0000000008005e28      0x500 ./Drivers/STM32F1xx_HAL_Driver/Src/stm32f1xx_hal_rcc.o
                0x0000000008005e28                HAL_RCC_OscConfig
 .text.HAL_RCC_ClockConfig
                0x0000000008006328      0x1d4 ./Drivers/STM32F1xx_HAL_Driver/Src/stm32f1xx_hal_rcc.o
                0x0000000008006328                HAL_RCC_ClockConfig
 .text.HAL_RCC_GetSysClockFreq
                0x00000000080064fc       0xc0 ./Drivers/STM32F1xx_HAL_Driver/Src/stm32f1xx_hal_rcc.o
                0x00000000080064fc                HAL_RCC_GetSysClockFreq
 .text.HAL_RCC_GetHCLKFreq
                0x00000000080065bc       0x14 ./Drivers/STM32F1xx_HAL_Driver/Src/stm32f1xx_hal_rcc.o
                0x00000000080065bc                HAL_RCC_GetHCLKFreq
 .text.HAL_RCC_GetPCLK1Freq
                0x00000000080065d0       0x28 ./Drivers/STM32F1xx_HAL_Driver/Src/stm32f1xx_hal_rcc.o
                0x00000000080065d0                HAL_RCC_GetPCLK1Freq
 .text.HAL_RCC_GetPCLK2Freq
                0x00000000080065f8       0x28 ./Drivers/STM32F1xx_HAL_Driver/Src/stm32f1xx_hal_rcc.o
                0x00000000080065f8                HAL_RCC_GetPCLK2Freq
 .text.RCC_Delay
                0x0000000008006620       0x3c ./Drivers/STM32F1xx_HAL_Driver/Src/stm32f1xx_hal_rcc.o
 .text.HAL_TIM_Base_Init
                0x000000000800665c       0x9e ./Drivers/STM32F1xx_HAL_Driver/Src/stm32f1xx_hal_tim.o
                0x000000000800665c                HAL_TIM_Base_Init
 *fill*         0x00000000080066fa        0x2 
 .text.HAL_TIM_Base_Start
                0x00000000080066fc       0x94 ./Drivers/STM32F1xx_HAL_Driver/Src/stm32f1xx_hal_tim.o
                0x00000000080066fc                HAL_TIM_Base_Start
 .text.HAL_TIM_PWM_Init
                0x0000000008006790       0x9e ./Drivers/STM32F1xx_HAL_Driver/Src/stm32f1xx_hal_tim.o
                0x0000000008006790                HAL_TIM_PWM_Init
 .text.HAL_TIM_PWM_MspInit
                0x000000000800682e       0x12 ./Drivers/STM32F1xx_HAL_Driver/Src/stm32f1xx_hal_tim.o
                0x000000000800682e                HAL_TIM_PWM_MspInit
 .text.HAL_TIM_PWM_Start
                0x0000000008006840      0x144 ./Drivers/STM32F1xx_HAL_Driver/Src/stm32f1xx_hal_tim.o
                0x0000000008006840                HAL_TIM_PWM_Start
 .text.HAL_TIM_IRQHandler
                0x0000000008006984      0x210 ./Drivers/STM32F1xx_HAL_Driver/Src/stm32f1xx_hal_tim.o
                0x0000000008006984                HAL_TIM_IRQHandler
 .text.HAL_TIM_PWM_ConfigChannel
                0x0000000008006b94      0x17c ./Drivers/STM32F1xx_HAL_Driver/Src/stm32f1xx_hal_tim.o
                0x0000000008006b94                HAL_TIM_PWM_ConfigChannel
 .text.HAL_TIM_ConfigClockSource
                0x0000000008006d10      0x188 ./Drivers/STM32F1xx_HAL_Driver/Src/stm32f1xx_hal_tim.o
                0x0000000008006d10                HAL_TIM_ConfigClockSource
 .text.HAL_TIM_PeriodElapsedCallback
                0x0000000008006e98       0x12 ./Drivers/STM32F1xx_HAL_Driver/Src/stm32f1xx_hal_tim.o
                0x0000000008006e98                HAL_TIM_PeriodElapsedCallback
 .text.HAL_TIM_OC_DelayElapsedCallback
                0x0000000008006eaa       0x12 ./Drivers/STM32F1xx_HAL_Driver/Src/stm32f1xx_hal_tim.o
                0x0000000008006eaa                HAL_TIM_OC_DelayElapsedCallback
 .text.HAL_TIM_IC_CaptureCallback
                0x0000000008006ebc       0x12 ./Drivers/STM32F1xx_HAL_Driver/Src/stm32f1xx_hal_tim.o
                0x0000000008006ebc                HAL_TIM_IC_CaptureCallback
 .text.HAL_TIM_PWM_PulseFinishedCallback
                0x0000000008006ece       0x12 ./Drivers/STM32F1xx_HAL_Driver/Src/stm32f1xx_hal_tim.o
                0x0000000008006ece                HAL_TIM_PWM_PulseFinishedCallback
 .text.HAL_TIM_TriggerCallback
                0x0000000008006ee0       0x12 ./Drivers/STM32F1xx_HAL_Driver/Src/stm32f1xx_hal_tim.o
                0x0000000008006ee0                HAL_TIM_TriggerCallback
 *fill*         0x0000000008006ef2        0x2 
 .text.TIM_Base_SetConfig
                0x0000000008006ef4       0xc4 ./Drivers/STM32F1xx_HAL_Driver/Src/stm32f1xx_hal_tim.o
                0x0000000008006ef4                TIM_Base_SetConfig
 .text.TIM_OC1_SetConfig
                0x0000000008006fb8       0xcc ./Drivers/STM32F1xx_HAL_Driver/Src/stm32f1xx_hal_tim.o
 .text.TIM_OC2_SetConfig
                0x0000000008007084       0xd4 ./Drivers/STM32F1xx_HAL_Driver/Src/stm32f1xx_hal_tim.o
                0x0000000008007084                TIM_OC2_SetConfig
 .text.TIM_OC3_SetConfig
                0x0000000008007158       0xd4 ./Drivers/STM32F1xx_HAL_Driver/Src/stm32f1xx_hal_tim.o
 .text.TIM_OC4_SetConfig
                0x000000000800722c       0x9c ./Drivers/STM32F1xx_HAL_Driver/Src/stm32f1xx_hal_tim.o
 .text.TIM_TI1_ConfigInputStage
                0x00000000080072c8       0x5c ./Drivers/STM32F1xx_HAL_Driver/Src/stm32f1xx_hal_tim.o
 .text.TIM_TI2_ConfigInputStage
                0x0000000008007324       0x5e ./Drivers/STM32F1xx_HAL_Driver/Src/stm32f1xx_hal_tim.o
 .text.TIM_ITRx_SetConfig
                0x0000000008007382       0x34 ./Drivers/STM32F1xx_HAL_Driver/Src/stm32f1xx_hal_tim.o
 .text.TIM_ETR_SetConfig
                0x00000000080073b6       0x3e ./Drivers/STM32F1xx_HAL_Driver/Src/stm32f1xx_hal_tim.o
                0x00000000080073b6                TIM_ETR_SetConfig
 .text.TIM_CCxChannelCmd
                0x00000000080073f4       0x48 ./Drivers/STM32F1xx_HAL_Driver/Src/stm32f1xx_hal_tim.o
                0x00000000080073f4                TIM_CCxChannelCmd
 .text.HAL_TIMEx_MasterConfigSynchronization
                0x000000000800743c       0xbc ./Drivers/STM32F1xx_HAL_Driver/Src/stm32f1xx_hal_tim_ex.o
                0x000000000800743c                HAL_TIMEx_MasterConfigSynchronization
 .text.HAL_TIMEx_CommutCallback
                0x00000000080074f8       0x12 ./Drivers/STM32F1xx_HAL_Driver/Src/stm32f1xx_hal_tim_ex.o
                0x00000000080074f8                HAL_TIMEx_CommutCallback
 .text.HAL_TIMEx_BreakCallback
                0x000000000800750a       0x12 ./Drivers/STM32F1xx_HAL_Driver/Src/stm32f1xx_hal_tim_ex.o
                0x000000000800750a                HAL_TIMEx_BreakCallback
 .text.HAL_UART_Init
                0x000000000800751c       0x9a ./Drivers/STM32F1xx_HAL_Driver/Src/stm32f1xx_hal_uart.o
                0x000000000800751c                HAL_UART_Init
 .text.HAL_UART_Transmit
                0x00000000080075b6      0x124 ./Drivers/STM32F1xx_HAL_Driver/Src/stm32f1xx_hal_uart.o
                0x00000000080075b6                HAL_UART_Transmit
 .text.HAL_UART_Receive_IT
                0x00000000080076da       0x60 ./Drivers/STM32F1xx_HAL_Driver/Src/stm32f1xx_hal_uart.o
                0x00000000080076da                HAL_UART_Receive_IT
 *fill*         0x000000000800773a        0x2 
 .text.HAL_UART_IRQHandler
                0x000000000800773c      0x354 ./Drivers/STM32F1xx_HAL_Driver/Src/stm32f1xx_hal_uart.o
                0x000000000800773c                HAL_UART_IRQHandler
 .text.HAL_UART_TxCpltCallback
                0x0000000008007a90       0x12 ./Drivers/STM32F1xx_HAL_Driver/Src/stm32f1xx_hal_uart.o
                0x0000000008007a90                HAL_UART_TxCpltCallback
 .text.HAL_UART_ErrorCallback
                0x0000000008007aa2       0x12 ./Drivers/STM32F1xx_HAL_Driver/Src/stm32f1xx_hal_uart.o
                0x0000000008007aa2                HAL_UART_ErrorCallback
 .text.HAL_UARTEx_RxEventCallback
                0x0000000008007ab4       0x16 ./Drivers/STM32F1xx_HAL_Driver/Src/stm32f1xx_hal_uart.o
                0x0000000008007ab4                HAL_UARTEx_RxEventCallback
 .text.UART_WaitOnFlagUntilTimeout
                0x0000000008007aca       0x94 ./Drivers/STM32F1xx_HAL_Driver/Src/stm32f1xx_hal_uart.o
 .text.UART_Start_Receive_IT
                0x0000000008007b5e       0x72 ./Drivers/STM32F1xx_HAL_Driver/Src/stm32f1xx_hal_uart.o
                0x0000000008007b5e                UART_Start_Receive_IT
 .text.UART_EndRxTransfer
                0x0000000008007bd0       0x58 ./Drivers/STM32F1xx_HAL_Driver/Src/stm32f1xx_hal_uart.o
 .text.UART_DMAAbortOnError
                0x0000000008007c28       0x28 ./Drivers/STM32F1xx_HAL_Driver/Src/stm32f1xx_hal_uart.o
 .text.UART_Transmit_IT
                0x0000000008007c50       0x9e ./Drivers/STM32F1xx_HAL_Driver/Src/stm32f1xx_hal_uart.o
 .text.UART_EndTransmit_IT
                0x0000000008007cee       0x30 ./Drivers/STM32F1xx_HAL_Driver/Src/stm32f1xx_hal_uart.o
 .text.UART_Receive_IT
                0x0000000008007d1e      0x152 ./Drivers/STM32F1xx_HAL_Driver/Src/stm32f1xx_hal_uart.o
 .text.UART_SetConfig
                0x0000000008007e70      0x11c ./Drivers/STM32F1xx_HAL_Driver/Src/stm32f1xx_hal_uart.o
 .text.atof     0x0000000008007f8c        0x6 /opt/st/stm32cubeide_1.8.0/plugins/com.st.stm32cube.ide.mcu.externaltools.gnu-tools-for-stm32.9-2020-q2-update.linux64_2.0.0.202105311346/tools/bin/../lib/gcc/arm-none-eabi/9.3.1/../../../../arm-none-eabi/lib/thumb/v7-m/nofp/libc_nano.a(lib_a-atof.o)
                0x0000000008007f8c                atof
 .text.atoi     0x0000000008007f92        0x8 /opt/st/stm32cubeide_1.8.0/plugins/com.st.stm32cube.ide.mcu.externaltools.gnu-tools-for-stm32.9-2020-q2-update.linux64_2.0.0.202105311346/tools/bin/../lib/gcc/arm-none-eabi/9.3.1/../../../../arm-none-eabi/lib/thumb/v7-m/nofp/libc_nano.a(lib_a-atoi.o)
                0x0000000008007f92                atoi
 *fill*         0x0000000008007f9a        0x2 
 .text.__errno  0x0000000008007f9c        0xc /opt/st/stm32cubeide_1.8.0/plugins/com.st.stm32cube.ide.mcu.externaltools.gnu-tools-for-stm32.9-2020-q2-update.linux64_2.0.0.202105311346/tools/bin/../lib/gcc/arm-none-eabi/9.3.1/../../../../arm-none-eabi/lib/thumb/v7-m/nofp/libc_nano.a(lib_a-errno.o)
                0x0000000008007f9c                __errno
 .text.__libc_init_array
                0x0000000008007fa8       0x48 /opt/st/stm32cubeide_1.8.0/plugins/com.st.stm32cube.ide.mcu.externaltools.gnu-tools-for-stm32.9-2020-q2-update.linux64_2.0.0.202105311346/tools/bin/../lib/gcc/arm-none-eabi/9.3.1/../../../../arm-none-eabi/lib/thumb/v7-m/nofp/libc_nano.a(lib_a-init.o)
                0x0000000008007fa8                __libc_init_array
 .text.memset   0x0000000008007ff0       0x10 /opt/st/stm32cubeide_1.8.0/plugins/com.st.stm32cube.ide.mcu.externaltools.gnu-tools-for-stm32.9-2020-q2-update.linux64_2.0.0.202105311346/tools/bin/../lib/gcc/arm-none-eabi/9.3.1/../../../../arm-none-eabi/lib/thumb/v7-m/nofp/libc_nano.a(lib_a-memset.o)
                0x0000000008007ff0                memset
 .text.__cvt    0x0000000008008000       0xbe /opt/st/stm32cubeide_1.8.0/plugins/com.st.stm32cube.ide.mcu.externaltools.gnu-tools-for-stm32.9-2020-q2-update.linux64_2.0.0.202105311346/tools/bin/../lib/gcc/arm-none-eabi/9.3.1/../../../../arm-none-eabi/lib/thumb/v7-m/nofp/libc_nano.a(lib_a-nano-vfprintf_float.o)
                0x0000000008008000                __cvt
 .text.__exponent
                0x00000000080080be       0x7c /opt/st/stm32cubeide_1.8.0/plugins/com.st.stm32cube.ide.mcu.externaltools.gnu-tools-for-stm32.9-2020-q2-update.linux64_2.0.0.202105311346/tools/bin/../lib/gcc/arm-none-eabi/9.3.1/../../../../arm-none-eabi/lib/thumb/v7-m/nofp/libc_nano.a(lib_a-nano-vfprintf_float.o)
                0x00000000080080be                __exponent
 *fill*         0x000000000800813a        0x2 
 .text._printf_float
                0x000000000800813c      0x458 /opt/st/stm32cubeide_1.8.0/plugins/com.st.stm32cube.ide.mcu.externaltools.gnu-tools-for-stm32.9-2020-q2-update.linux64_2.0.0.202105311346/tools/bin/../lib/gcc/arm-none-eabi/9.3.1/../../../../arm-none-eabi/lib/thumb/v7-m/nofp/libc_nano.a(lib_a-nano-vfprintf_float.o)
                0x000000000800813c                _printf_float
 .text._printf_common
                0x0000000008008594       0xde /opt/st/stm32cubeide_1.8.0/plugins/com.st.stm32cube.ide.mcu.externaltools.gnu-tools-for-stm32.9-2020-q2-update.linux64_2.0.0.202105311346/tools/bin/../lib/gcc/arm-none-eabi/9.3.1/../../../../arm-none-eabi/lib/thumb/v7-m/nofp/libc_nano.a(lib_a-nano-vfprintf_i.o)
                0x0000000008008594                _printf_common
 *fill*         0x0000000008008672        0x2 
 .text._printf_i
                0x0000000008008674      0x24c /opt/st/stm32cubeide_1.8.0/plugins/com.st.stm32cube.ide.mcu.externaltools.gnu-tools-for-stm32.9-2020-q2-update.linux64_2.0.0.202105311346/tools/bin/../lib/gcc/arm-none-eabi/9.3.1/../../../../arm-none-eabi/lib/thumb/v7-m/nofp/libc_nano.a(lib_a-nano-vfprintf_i.o)
                0x0000000008008674                _printf_i
 .text.sprintf  0x00000000080088c0       0x40 /opt/st/stm32cubeide_1.8.0/plugins/com.st.stm32cube.ide.mcu.externaltools.gnu-tools-for-stm32.9-2020-q2-update.linux64_2.0.0.202105311346/tools/bin/../lib/gcc/arm-none-eabi/9.3.1/../../../../arm-none-eabi/lib/thumb/v7-m/nofp/libc_nano.a(lib_a-sprintf.o)
                0x00000000080088c0                sprintf
                0x00000000080088c0                siprintf
 .text.strpbrk  0x0000000008008900       0x30 /opt/st/stm32cubeide_1.8.0/plugins/com.st.stm32cube.ide.mcu.externaltools.gnu-tools-for-stm32.9-2020-q2-update.linux64_2.0.0.202105311346/tools/bin/../lib/gcc/arm-none-eabi/9.3.1/../../../../arm-none-eabi/lib/thumb/v7-m/nofp/libc_nano.a(lib_a-strpbrk.o)
                0x0000000008008900                strpbrk
 .text.sulp     0x0000000008008930       0x42 /opt/st/stm32cubeide_1.8.0/plugins/com.st.stm32cube.ide.mcu.externaltools.gnu-tools-for-stm32.9-2020-q2-update.linux64_2.0.0.202105311346/tools/bin/../lib/gcc/arm-none-eabi/9.3.1/../../../../arm-none-eabi/lib/thumb/v7-m/nofp/libc_nano.a(lib_a-strtod.o)
 *fill*         0x0000000008008972        0x6 
 .text._strtod_l
                0x0000000008008978      0xbe8 /opt/st/stm32cubeide_1.8.0/plugins/com.st.stm32cube.ide.mcu.externaltools.gnu-tools-for-stm32.9-2020-q2-update.linux64_2.0.0.202105311346/tools/bin/../lib/gcc/arm-none-eabi/9.3.1/../../../../arm-none-eabi/lib/thumb/v7-m/nofp/libc_nano.a(lib_a-strtod.o)
                0x0000000008008978                _strtod_l
 .text.strtod   0x0000000008009560       0x18 /opt/st/stm32cubeide_1.8.0/plugins/com.st.stm32cube.ide.mcu.externaltools.gnu-tools-for-stm32.9-2020-q2-update.linux64_2.0.0.202105311346/tools/bin/../lib/gcc/arm-none-eabi/9.3.1/../../../../arm-none-eabi/lib/thumb/v7-m/nofp/libc_nano.a(lib_a-strtod.o)
                0x0000000008009560                strtod
 .text._strtol_l.isra.0
                0x0000000008009578      0x10c /opt/st/stm32cubeide_1.8.0/plugins/com.st.stm32cube.ide.mcu.externaltools.gnu-tools-for-stm32.9-2020-q2-update.linux64_2.0.0.202105311346/tools/bin/../lib/gcc/arm-none-eabi/9.3.1/../../../../arm-none-eabi/lib/thumb/v7-m/nofp/libc_nano.a(lib_a-strtol.o)
 .text.strtol   0x0000000008009684       0x14 /opt/st/stm32cubeide_1.8.0/plugins/com.st.stm32cube.ide.mcu.externaltools.gnu-tools-for-stm32.9-2020-q2-update.linux64_2.0.0.202105311346/tools/bin/../lib/gcc/arm-none-eabi/9.3.1/../../../../arm-none-eabi/lib/thumb/v7-m/nofp/libc_nano.a(lib_a-strtol.o)
                0x0000000008009684                strtol
 .text.quorem   0x0000000008009698      0x11a /opt/st/stm32cubeide_1.8.0/plugins/com.st.stm32cube.ide.mcu.externaltools.gnu-tools-for-stm32.9-2020-q2-update.linux64_2.0.0.202105311346/tools/bin/../lib/gcc/arm-none-eabi/9.3.1/../../../../arm-none-eabi/lib/thumb/v7-m/nofp/libc_nano.a(lib_a-dtoa.o)
 *fill*         0x00000000080097b2        0x6 
 .text._dtoa_r  0x00000000080097b8      0xbdc /opt/st/stm32cubeide_1.8.0/plugins/com.st.stm32cube.ide.mcu.externaltools.gnu-tools-for-stm32.9-2020-q2-update.linux64_2.0.0.202105311346/tools/bin/../lib/gcc/arm-none-eabi/9.3.1/../../../../arm-none-eabi/lib/thumb/v7-m/nofp/libc_nano.a(lib_a-dtoa.o)
                0x00000000080097b8                _dtoa_r
 .text.rshift   0x000000000800a394       0xa6 /opt/st/stm32cubeide_1.8.0/plugins/com.st.stm32cube.ide.mcu.externaltools.gnu-tools-for-stm32.9-2020-q2-update.linux64_2.0.0.202105311346/tools/bin/../lib/gcc/arm-none-eabi/9.3.1/../../../../arm-none-eabi/lib/thumb/v7-m/nofp/libc_nano.a(lib_a-gdtoa-gethex.o)
 .text.__hexdig_fun
                0x000000000800a43a       0x2a /opt/st/stm32cubeide_1.8.0/plugins/com.st.stm32cube.ide.mcu.externaltools.gnu-tools-for-stm32.9-2020-q2-update.linux64_2.0.0.202105311346/tools/bin/../lib/gcc/arm-none-eabi/9.3.1/../../../../arm-none-eabi/lib/thumb/v7-m/nofp/libc_nano.a(lib_a-gdtoa-gethex.o)
                0x000000000800a43a                __hexdig_fun
 .text.__gethex
                0x000000000800a464      0x478 /opt/st/stm32cubeide_1.8.0/plugins/com.st.stm32cube.ide.mcu.externaltools.gnu-tools-for-stm32.9-2020-q2-update.linux64_2.0.0.202105311346/tools/bin/../lib/gcc/arm-none-eabi/9.3.1/../../../../arm-none-eabi/lib/thumb/v7-m/nofp/libc_nano.a(lib_a-gdtoa-gethex.o)
                0x000000000800a464                __gethex
 .text.L_shift  0x000000000800a8dc       0x24 /opt/st/stm32cubeide_1.8.0/plugins/com.st.stm32cube.ide.mcu.externaltools.gnu-tools-for-stm32.9-2020-q2-update.linux64_2.0.0.202105311346/tools/bin/../lib/gcc/arm-none-eabi/9.3.1/../../../../arm-none-eabi/lib/thumb/v7-m/nofp/libc_nano.a(lib_a-gdtoa-hexnan.o)
 .text.__match  0x000000000800a900       0x28 /opt/st/stm32cubeide_1.8.0/plugins/com.st.stm32cube.ide.mcu.externaltools.gnu-tools-for-stm32.9-2020-q2-update.linux64_2.0.0.202105311346/tools/bin/../lib/gcc/arm-none-eabi/9.3.1/../../../../arm-none-eabi/lib/thumb/v7-m/nofp/libc_nano.a(lib_a-gdtoa-hexnan.o)
                0x000000000800a900                __match
 .text.__hexnan
                0x000000000800a928      0x138 /opt/st/stm32cubeide_1.8.0/plugins/com.st.stm32cube.ide.mcu.externaltools.gnu-tools-for-stm32.9-2020-q2-update.linux64_2.0.0.202105311346/tools/bin/../lib/gcc/arm-none-eabi/9.3.1/../../../../arm-none-eabi/lib/thumb/v7-m/nofp/libc_nano.a(lib_a-gdtoa-hexnan.o)
                0x000000000800a928                __hexnan
 .text._localeconv_r
                0x000000000800aa60        0x8 /opt/st/stm32cubeide_1.8.0/plugins/com.st.stm32cube.ide.mcu.externaltools.gnu-tools-for-stm32.9-2020-q2-update.linux64_2.0.0.202105311346/tools/bin/../lib/gcc/arm-none-eabi/9.3.1/../../../../arm-none-eabi/lib/thumb/v7-m/nofp/libc_nano.a(lib_a-localeconv.o)
                0x000000000800aa60                _localeconv_r
 .text.malloc   0x000000000800aa68       0x10 /opt/st/stm32cubeide_1.8.0/plugins/com.st.stm32cube.ide.mcu.externaltools.gnu-tools-for-stm32.9-2020-q2-update.linux64_2.0.0.202105311346/tools/bin/../lib/gcc/arm-none-eabi/9.3.1/../../../../arm-none-eabi/lib/thumb/v7-m/nofp/libc_nano.a(lib_a-malloc.o)
                0x000000000800aa68                malloc
 .text.__ascii_mbtowc
                0x000000000800aa78       0x24 /opt/st/stm32cubeide_1.8.0/plugins/com.st.stm32cube.ide.mcu.externaltools.gnu-tools-for-stm32.9-2020-q2-update.linux64_2.0.0.202105311346/tools/bin/../lib/gcc/arm-none-eabi/9.3.1/../../../../arm-none-eabi/lib/thumb/v7-m/nofp/libc_nano.a(lib_a-mbtowc_r.o)
                0x000000000800aa78                __ascii_mbtowc
 .text.memchr   0x000000000800aa9c       0x1c /opt/st/stm32cubeide_1.8.0/plugins/com.st.stm32cube.ide.mcu.externaltools.gnu-tools-for-stm32.9-2020-q2-update.linux64_2.0.0.202105311346/tools/bin/../lib/gcc/arm-none-eabi/9.3.1/../../../../arm-none-eabi/lib/thumb/v7-m/nofp/libc_nano.a(lib_a-memchr-stub.o)
                0x000000000800aa9c                memchr
 .text.memcpy   0x000000000800aab8       0x1c /opt/st/stm32cubeide_1.8.0/plugins/com.st.stm32cube.ide.mcu.externaltools.gnu-tools-for-stm32.9-2020-q2-update.linux64_2.0.0.202105311346/tools/bin/../lib/gcc/arm-none-eabi/9.3.1/../../../../arm-none-eabi/lib/thumb/v7-m/nofp/libc_nano.a(lib_a-memcpy-stub.o)
                0x000000000800aab8                memcpy
 .text._Balloc  0x000000000800aad4       0x80 /opt/st/stm32cubeide_1.8.0/plugins/com.st.stm32cube.ide.mcu.externaltools.gnu-tools-for-stm32.9-2020-q2-update.linux64_2.0.0.202105311346/tools/bin/../lib/gcc/arm-none-eabi/9.3.1/../../../../arm-none-eabi/lib/thumb/v7-m/nofp/libc_nano.a(lib_a-mprec.o)
                0x000000000800aad4                _Balloc
 .text._Bfree   0x000000000800ab54       0x44 /opt/st/stm32cubeide_1.8.0/plugins/com.st.stm32cube.ide.mcu.externaltools.gnu-tools-for-stm32.9-2020-q2-update.linux64_2.0.0.202105311346/tools/bin/../lib/gcc/arm-none-eabi/9.3.1/../../../../arm-none-eabi/lib/thumb/v7-m/nofp/libc_nano.a(lib_a-mprec.o)
                0x000000000800ab54                _Bfree
 .text.__multadd
                0x000000000800ab98       0x94 /opt/st/stm32cubeide_1.8.0/plugins/com.st.stm32cube.ide.mcu.externaltools.gnu-tools-for-stm32.9-2020-q2-update.linux64_2.0.0.202105311346/tools/bin/../lib/gcc/arm-none-eabi/9.3.1/../../../../arm-none-eabi/lib/thumb/v7-m/nofp/libc_nano.a(lib_a-mprec.o)
                0x000000000800ab98                __multadd
 .text.__s2b    0x000000000800ac2c       0x94 /opt/st/stm32cubeide_1.8.0/plugins/com.st.stm32cube.ide.mcu.externaltools.gnu-tools-for-stm32.9-2020-q2-update.linux64_2.0.0.202105311346/tools/bin/../lib/gcc/arm-none-eabi/9.3.1/../../../../arm-none-eabi/lib/thumb/v7-m/nofp/libc_nano.a(lib_a-mprec.o)
                0x000000000800ac2c                __s2b
 .text.__hi0bits
                0x000000000800acc0       0x40 /opt/st/stm32cubeide_1.8.0/plugins/com.st.stm32cube.ide.mcu.externaltools.gnu-tools-for-stm32.9-2020-q2-update.linux64_2.0.0.202105311346/tools/bin/../lib/gcc/arm-none-eabi/9.3.1/../../../../arm-none-eabi/lib/thumb/v7-m/nofp/libc_nano.a(lib_a-mprec.o)
                0x000000000800acc0                __hi0bits
 .text.__lo0bits
                0x000000000800ad00       0x5c /opt/st/stm32cubeide_1.8.0/plugins/com.st.stm32cube.ide.mcu.externaltools.gnu-tools-for-stm32.9-2020-q2-update.linux64_2.0.0.202105311346/tools/bin/../lib/gcc/arm-none-eabi/9.3.1/../../../../arm-none-eabi/lib/thumb/v7-m/nofp/libc_nano.a(lib_a-mprec.o)
                0x000000000800ad00                __lo0bits
 .text.__i2b    0x000000000800ad5c       0x2c /opt/st/stm32cubeide_1.8.0/plugins/com.st.stm32cube.ide.mcu.externaltools.gnu-tools-for-stm32.9-2020-q2-update.linux64_2.0.0.202105311346/tools/bin/../lib/gcc/arm-none-eabi/9.3.1/../../../../arm-none-eabi/lib/thumb/v7-m/nofp/libc_nano.a(lib_a-mprec.o)
                0x000000000800ad5c                __i2b
 .text.__multiply
                0x000000000800ad88      0x148 /opt/st/stm32cubeide_1.8.0/plugins/com.st.stm32cube.ide.mcu.externaltools.gnu-tools-for-stm32.9-2020-q2-update.linux64_2.0.0.202105311346/tools/bin/../lib/gcc/arm-none-eabi/9.3.1/../../../../arm-none-eabi/lib/thumb/v7-m/nofp/libc_nano.a(lib_a-mprec.o)
                0x000000000800ad88                __multiply
 .text.__pow5mult
                0x000000000800aed0       0xb4 /opt/st/stm32cubeide_1.8.0/plugins/com.st.stm32cube.ide.mcu.externaltools.gnu-tools-for-stm32.9-2020-q2-update.linux64_2.0.0.202105311346/tools/bin/../lib/gcc/arm-none-eabi/9.3.1/../../../../arm-none-eabi/lib/thumb/v7-m/nofp/libc_nano.a(lib_a-mprec.o)
                0x000000000800aed0                __pow5mult
 .text.__lshift
                0x000000000800af84       0xd8 /opt/st/stm32cubeide_1.8.0/plugins/com.st.stm32cube.ide.mcu.externaltools.gnu-tools-for-stm32.9-2020-q2-update.linux64_2.0.0.202105311346/tools/bin/../lib/gcc/arm-none-eabi/9.3.1/../../../../arm-none-eabi/lib/thumb/v7-m/nofp/libc_nano.a(lib_a-mprec.o)
                0x000000000800af84                __lshift
 .text.__mcmp   0x000000000800b05c       0x36 /opt/st/stm32cubeide_1.8.0/plugins/com.st.stm32cube.ide.mcu.externaltools.gnu-tools-for-stm32.9-2020-q2-update.linux64_2.0.0.202105311346/tools/bin/../lib/gcc/arm-none-eabi/9.3.1/../../../../arm-none-eabi/lib/thumb/v7-m/nofp/libc_nano.a(lib_a-mprec.o)
                0x000000000800b05c                __mcmp
 *fill*         0x000000000800b092        0x2 
 .text.__mdiff  0x000000000800b094      0x120 /opt/st/stm32cubeide_1.8.0/plugins/com.st.stm32cube.ide.mcu.externaltools.gnu-tools-for-stm32.9-2020-q2-update.linux64_2.0.0.202105311346/tools/bin/../lib/gcc/arm-none-eabi/9.3.1/../../../../arm-none-eabi/lib/thumb/v7-m/nofp/libc_nano.a(lib_a-mprec.o)
                0x000000000800b094                __mdiff
 .text.__ulp    0x000000000800b1b4       0x4c /opt/st/stm32cubeide_1.8.0/plugins/com.st.stm32cube.ide.mcu.externaltools.gnu-tools-for-stm32.9-2020-q2-update.linux64_2.0.0.202105311346/tools/bin/../lib/gcc/arm-none-eabi/9.3.1/../../../../arm-none-eabi/lib/thumb/v7-m/nofp/libc_nano.a(lib_a-mprec.o)
                0x000000000800b1b4                __ulp
 .text.__b2d    0x000000000800b200       0xa8 /opt/st/stm32cubeide_1.8.0/plugins/com.st.stm32cube.ide.mcu.externaltools.gnu-tools-for-stm32.9-2020-q2-update.linux64_2.0.0.202105311346/tools/bin/../lib/gcc/arm-none-eabi/9.3.1/../../../../arm-none-eabi/lib/thumb/v7-m/nofp/libc_nano.a(lib_a-mprec.o)
                0x000000000800b200                __b2d
 .text.__d2b    0x000000000800b2a8       0xb8 /opt/st/stm32cubeide_1.8.0/plugins/com.st.stm32cube.ide.mcu.externaltools.gnu-tools-for-stm32.9-2020-q2-update.linux64_2.0.0.202105311346/tools/bin/../lib/gcc/arm-none-eabi/9.3.1/../../../../arm-none-eabi/lib/thumb/v7-m/nofp/libc_nano.a(lib_a-mprec.o)
                0x000000000800b2a8                __d2b
 .text.__ratio  0x000000000800b360       0x5c /opt/st/stm32cubeide_1.8.0/plugins/com.st.stm32cube.ide.mcu.externaltools.gnu-tools-for-stm32.9-2020-q2-update.linux64_2.0.0.202105311346/tools/bin/../lib/gcc/arm-none-eabi/9.3.1/../../../../arm-none-eabi/lib/thumb/v7-m/nofp/libc_nano.a(lib_a-mprec.o)
                0x000000000800b360                __ratio
 .text.__copybits
                0x000000000800b3bc       0x46 /opt/st/stm32cubeide_1.8.0/plugins/com.st.stm32cube.ide.mcu.externaltools.gnu-tools-for-stm32.9-2020-q2-update.linux64_2.0.0.202105311346/tools/bin/../lib/gcc/arm-none-eabi/9.3.1/../../../../arm-none-eabi/lib/thumb/v7-m/nofp/libc_nano.a(lib_a-mprec.o)
                0x000000000800b3bc                __copybits
 .text.__any_on
                0x000000000800b402       0x42 /opt/st/stm32cubeide_1.8.0/plugins/com.st.stm32cube.ide.mcu.externaltools.gnu-tools-for-stm32.9-2020-q2-update.linux64_2.0.0.202105311346/tools/bin/../lib/gcc/arm-none-eabi/9.3.1/../../../../arm-none-eabi/lib/thumb/v7-m/nofp/libc_nano.a(lib_a-mprec.o)
                0x000000000800b402                __any_on
 .text._calloc_r
                0x000000000800b444       0x1c /opt/st/stm32cubeide_1.8.0/plugins/com.st.stm32cube.ide.mcu.externaltools.gnu-tools-for-stm32.9-2020-q2-update.linux64_2.0.0.202105311346/tools/bin/../lib/gcc/arm-none-eabi/9.3.1/../../../../arm-none-eabi/lib/thumb/v7-m/nofp/libc_nano.a(lib_a-nano-callocr.o)
                0x000000000800b444                _calloc_r
 .text._free_r  0x000000000800b460       0x98 /opt/st/stm32cubeide_1.8.0/plugins/com.st.stm32cube.ide.mcu.externaltools.gnu-tools-for-stm32.9-2020-q2-update.linux64_2.0.0.202105311346/tools/bin/../lib/gcc/arm-none-eabi/9.3.1/../../../../arm-none-eabi/lib/thumb/v7-m/nofp/libc_nano.a(lib_a-nano-freer.o)
                0x000000000800b460                _free_r
 .text._malloc_r
                0x000000000800b4f8       0xb4 /opt/st/stm32cubeide_1.8.0/plugins/com.st.stm32cube.ide.mcu.externaltools.gnu-tools-for-stm32.9-2020-q2-update.linux64_2.0.0.202105311346/tools/bin/../lib/gcc/arm-none-eabi/9.3.1/../../../../arm-none-eabi/lib/thumb/v7-m/nofp/libc_nano.a(lib_a-nano-mallocr.o)
                0x000000000800b4f8                _malloc_r
 .text.__ssputs_r
                0x000000000800b5ac       0xb6 /opt/st/stm32cubeide_1.8.0/plugins/com.st.stm32cube.ide.mcu.externaltools.gnu-tools-for-stm32.9-2020-q2-update.linux64_2.0.0.202105311346/tools/bin/../lib/gcc/arm-none-eabi/9.3.1/../../../../arm-none-eabi/lib/thumb/v7-m/nofp/libc_nano.a(lib_a-nano-svfprintf.o)
                0x000000000800b5ac                __ssputs_r
 *fill*         0x000000000800b662        0x2 
 .text._svfprintf_r
                0x000000000800b664      0x200 /opt/st/stm32cubeide_1.8.0/plugins/com.st.stm32cube.ide.mcu.externaltools.gnu-tools-for-stm32.9-2020-q2-update.linux64_2.0.0.202105311346/tools/bin/../lib/gcc/arm-none-eabi/9.3.1/../../../../arm-none-eabi/lib/thumb/v7-m/nofp/libc_nano.a(lib_a-nano-svfprintf.o)
                0x000000000800b664                _svfprintf_r
                0x000000000800b664                _svfiprintf_r
 .text.nan      0x000000000800b864        0xc /opt/st/stm32cubeide_1.8.0/plugins/com.st.stm32cube.ide.mcu.externaltools.gnu-tools-for-stm32.9-2020-q2-update.linux64_2.0.0.202105311346/tools/bin/../lib/gcc/arm-none-eabi/9.3.1/../../../../arm-none-eabi/lib/thumb/v7-m/nofp/libc_nano.a(lib_a-s_nan.o)
                0x000000000800b864                nan
 .text._sbrk_r  0x000000000800b870       0x20 /opt/st/stm32cubeide_1.8.0/plugins/com.st.stm32cube.ide.mcu.externaltools.gnu-tools-for-stm32.9-2020-q2-update.linux64_2.0.0.202105311346/tools/bin/../lib/gcc/arm-none-eabi/9.3.1/../../../../arm-none-eabi/lib/thumb/v7-m/nofp/libc_nano.a(lib_a-sbrkr.o)
                0x000000000800b870                _sbrk_r
 .text.strncmp  0x000000000800b890       0x24 /opt/st/stm32cubeide_1.8.0/plugins/com.st.stm32cube.ide.mcu.externaltools.gnu-tools-for-stm32.9-2020-q2-update.linux64_2.0.0.202105311346/tools/bin/../lib/gcc/arm-none-eabi/9.3.1/../../../../arm-none-eabi/lib/thumb/v7-m/nofp/libc_nano.a(lib_a-strncmp.o)
                0x000000000800b890                strncmp
 .text.__ascii_wctomb
                0x000000000800b8b4       0x1a /opt/st/stm32cubeide_1.8.0/plugins/com.st.stm32cube.ide.mcu.externaltools.gnu-tools-for-stm32.9-2020-q2-update.linux64_2.0.0.202105311346/tools/bin/../lib/gcc/arm-none-eabi/9.3.1/../../../../arm-none-eabi/lib/thumb/v7-m/nofp/libc_nano.a(lib_a-wctomb_r.o)
                0x000000000800b8b4                __ascii_wctomb
 *fill*         0x000000000800b8ce        0x2 
 .text.__assert_func
                0x000000000800b8d0       0x3c /opt/st/stm32cubeide_1.8.0/plugins/com.st.stm32cube.ide.mcu.externaltools.gnu-tools-for-stm32.9-2020-q2-update.linux64_2.0.0.202105311346/tools/bin/../lib/gcc/arm-none-eabi/9.3.1/../../../../arm-none-eabi/lib/thumb/v7-m/nofp/libc_nano.a(lib_a-assert.o)
                0x000000000800b8d0                __assert_func
 .text.fprintf  0x000000000800b90c       0x24 /opt/st/stm32cubeide_1.8.0/plugins/com.st.stm32cube.ide.mcu.externaltools.gnu-tools-for-stm32.9-2020-q2-update.linux64_2.0.0.202105311346/tools/bin/../lib/gcc/arm-none-eabi/9.3.1/../../../../arm-none-eabi/lib/thumb/v7-m/nofp/libc_nano.a(lib_a-fprintf.o)
                0x000000000800b90c                fprintf
                0x000000000800b90c                fiprintf
 .text.memmove  0x000000000800b930       0x34 /opt/st/stm32cubeide_1.8.0/plugins/com.st.stm32cube.ide.mcu.externaltools.gnu-tools-for-stm32.9-2020-q2-update.linux64_2.0.0.202105311346/tools/bin/../lib/gcc/arm-none-eabi/9.3.1/../../../../arm-none-eabi/lib/thumb/v7-m/nofp/libc_nano.a(lib_a-memmove.o)
                0x000000000800b930                memmove
 .text.__malloc_lock
                0x000000000800b964        0xc /opt/st/stm32cubeide_1.8.0/plugins/com.st.stm32cube.ide.mcu.externaltools.gnu-tools-for-stm32.9-2020-q2-update.linux64_2.0.0.202105311346/tools/bin/../lib/gcc/arm-none-eabi/9.3.1/../../../../arm-none-eabi/lib/thumb/v7-m/nofp/libc_nano.a(lib_a-mlock.o)
                0x000000000800b964                __malloc_lock
 .text.__malloc_unlock
                0x000000000800b970        0xc /opt/st/stm32cubeide_1.8.0/plugins/com.st.stm32cube.ide.mcu.externaltools.gnu-tools-for-stm32.9-2020-q2-update.linux64_2.0.0.202105311346/tools/bin/../lib/gcc/arm-none-eabi/9.3.1/../../../../arm-none-eabi/lib/thumb/v7-m/nofp/libc_nano.a(lib_a-mlock.o)
                0x000000000800b970                __malloc_unlock
 .text._realloc_r
                0x000000000800b97c       0x4c /opt/st/stm32cubeide_1.8.0/plugins/com.st.stm32cube.ide.mcu.externaltools.gnu-tools-for-stm32.9-2020-q2-update.linux64_2.0.0.202105311346/tools/bin/../lib/gcc/arm-none-eabi/9.3.1/../../../../arm-none-eabi/lib/thumb/v7-m/nofp/libc_nano.a(lib_a-nano-reallocr.o)
                0x000000000800b97c                _realloc_r
 .text.__sfputc_r
                0x000000000800b9c8       0x2a /opt/st/stm32cubeide_1.8.0/plugins/com.st.stm32cube.ide.mcu.externaltools.gnu-tools-for-stm32.9-2020-q2-update.linux64_2.0.0.202105311346/tools/bin/../lib/gcc/arm-none-eabi/9.3.1/../../../../arm-none-eabi/lib/thumb/v7-m/nofp/libc_nano.a(lib_a-nano-vfprintf.o)
 .text.__sfputs_r
                0x000000000800b9f2       0x24 /opt/st/stm32cubeide_1.8.0/plugins/com.st.stm32cube.ide.mcu.externaltools.gnu-tools-for-stm32.9-2020-q2-update.linux64_2.0.0.202105311346/tools/bin/../lib/gcc/arm-none-eabi/9.3.1/../../../../arm-none-eabi/lib/thumb/v7-m/nofp/libc_nano.a(lib_a-nano-vfprintf.o)
                0x000000000800b9f2                __sfputs_r
 *fill*         0x000000000800ba16        0x2 
 .text._vfprintf_r
                0x000000000800ba18      0x260 /opt/st/stm32cubeide_1.8.0/plugins/com.st.stm32cube.ide.mcu.externaltools.gnu-tools-for-stm32.9-2020-q2-update.linux64_2.0.0.202105311346/tools/bin/../lib/gcc/arm-none-eabi/9.3.1/../../../../arm-none-eabi/lib/thumb/v7-m/nofp/libc_nano.a(lib_a-nano-vfprintf.o)
                0x000000000800ba18                _vfiprintf_r
                0x000000000800ba18                _vfprintf_r
 .text.__swbuf_r
                0x000000000800bc78       0xa4 /opt/st/stm32cubeide_1.8.0/plugins/com.st.stm32cube.ide.mcu.externaltools.gnu-tools-for-stm32.9-2020-q2-update.linux64_2.0.0.202105311346/tools/bin/../lib/gcc/arm-none-eabi/9.3.1/../../../../arm-none-eabi/lib/thumb/v7-m/nofp/libc_nano.a(lib_a-wbuf.o)
                0x000000000800bc78                __swbuf_r
 .text.__swsetup_r
                0x000000000800bd1c       0xdc /opt/st/stm32cubeide_1.8.0/plugins/com.st.stm32cube.ide.mcu.externaltools.gnu-tools-for-stm32.9-2020-q2-update.linux64_2.0.0.202105311346/tools/bin/../lib/gcc/arm-none-eabi/9.3.1/../../../../arm-none-eabi/lib/thumb/v7-m/nofp/libc_nano.a(lib_a-wsetup.o)
                0x000000000800bd1c                __swsetup_r
 .text.abort    0x000000000800bdf8        0xe /opt/st/stm32cubeide_1.8.0/plugins/com.st.stm32cube.ide.mcu.externaltools.gnu-tools-for-stm32.9-2020-q2-update.linux64_2.0.0.202105311346/tools/bin/../lib/gcc/arm-none-eabi/9.3.1/../../../../arm-none-eabi/lib/thumb/v7-m/nofp/libc_nano.a(lib_a-abort.o)
                0x000000000800bdf8                abort
 *fill*         0x000000000800be06        0x2 
 .text.__sflush_r
                0x000000000800be08      0x10c /opt/st/stm32cubeide_1.8.0/plugins/com.st.stm32cube.ide.mcu.externaltools.gnu-tools-for-stm32.9-2020-q2-update.linux64_2.0.0.202105311346/tools/bin/../lib/gcc/arm-none-eabi/9.3.1/../../../../arm-none-eabi/lib/thumb/v7-m/nofp/libc_nano.a(lib_a-fflush.o)
                0x000000000800be08                __sflush_r
 .text._fflush_r
                0x000000000800bf14       0x78 /opt/st/stm32cubeide_1.8.0/plugins/com.st.stm32cube.ide.mcu.externaltools.gnu-tools-for-stm32.9-2020-q2-update.linux64_2.0.0.202105311346/tools/bin/../lib/gcc/arm-none-eabi/9.3.1/../../../../arm-none-eabi/lib/thumb/v7-m/nofp/libc_nano.a(lib_a-fflush.o)
                0x000000000800bf14                _fflush_r
 .text.std      0x000000000800bf8c       0x48 /opt/st/stm32cubeide_1.8.0/plugins/com.st.stm32cube.ide.mcu.externaltools.gnu-tools-for-stm32.9-2020-q2-update.linux64_2.0.0.202105311346/tools/bin/../lib/gcc/arm-none-eabi/9.3.1/../../../../arm-none-eabi/lib/thumb/v7-m/nofp/libc_nano.a(lib_a-findfp.o)
 .text._cleanup_r
                0x000000000800bfd4        0xc /opt/st/stm32cubeide_1.8.0/plugins/com.st.stm32cube.ide.mcu.externaltools.gnu-tools-for-stm32.9-2020-q2-update.linux64_2.0.0.202105311346/tools/bin/../lib/gcc/arm-none-eabi/9.3.1/../../../../arm-none-eabi/lib/thumb/v7-m/nofp/libc_nano.a(lib_a-findfp.o)
                0x000000000800bfd4                _cleanup_r
 .text.__sfmoreglue
                0x000000000800bfe0       0x2c /opt/st/stm32cubeide_1.8.0/plugins/com.st.stm32cube.ide.mcu.externaltools.gnu-tools-for-stm32.9-2020-q2-update.linux64_2.0.0.202105311346/tools/bin/../lib/gcc/arm-none-eabi/9.3.1/../../../../arm-none-eabi/lib/thumb/v7-m/nofp/libc_nano.a(lib_a-findfp.o)
                0x000000000800bfe0                __sfmoreglue
 .text.__sfp_lock_acquire
                0x000000000800c00c        0xc /opt/st/stm32cubeide_1.8.0/plugins/com.st.stm32cube.ide.mcu.externaltools.gnu-tools-for-stm32.9-2020-q2-update.linux64_2.0.0.202105311346/tools/bin/../lib/gcc/arm-none-eabi/9.3.1/../../../../arm-none-eabi/lib/thumb/v7-m/nofp/libc_nano.a(lib_a-findfp.o)
                0x000000000800c00c                __sfp_lock_acquire
 .text.__sfp_lock_release
                0x000000000800c018        0xc /opt/st/stm32cubeide_1.8.0/plugins/com.st.stm32cube.ide.mcu.externaltools.gnu-tools-for-stm32.9-2020-q2-update.linux64_2.0.0.202105311346/tools/bin/../lib/gcc/arm-none-eabi/9.3.1/../../../../arm-none-eabi/lib/thumb/v7-m/nofp/libc_nano.a(lib_a-findfp.o)
                0x000000000800c018                __sfp_lock_release
 .text.__sinit_lock_acquire
                0x000000000800c024        0xc /opt/st/stm32cubeide_1.8.0/plugins/com.st.stm32cube.ide.mcu.externaltools.gnu-tools-for-stm32.9-2020-q2-update.linux64_2.0.0.202105311346/tools/bin/../lib/gcc/arm-none-eabi/9.3.1/../../../../arm-none-eabi/lib/thumb/v7-m/nofp/libc_nano.a(lib_a-findfp.o)
                0x000000000800c024                __sinit_lock_acquire
 .text.__sinit_lock_release
                0x000000000800c030        0xc /opt/st/stm32cubeide_1.8.0/plugins/com.st.stm32cube.ide.mcu.externaltools.gnu-tools-for-stm32.9-2020-q2-update.linux64_2.0.0.202105311346/tools/bin/../lib/gcc/arm-none-eabi/9.3.1/../../../../arm-none-eabi/lib/thumb/v7-m/nofp/libc_nano.a(lib_a-findfp.o)
                0x000000000800c030                __sinit_lock_release
 .text.__sinit  0x000000000800c03c       0x70 /opt/st/stm32cubeide_1.8.0/plugins/com.st.stm32cube.ide.mcu.externaltools.gnu-tools-for-stm32.9-2020-q2-update.linux64_2.0.0.202105311346/tools/bin/../lib/gcc/arm-none-eabi/9.3.1/../../../../arm-none-eabi/lib/thumb/v7-m/nofp/libc_nano.a(lib_a-findfp.o)
                0x000000000800c03c                __sinit
 .text.__sfp    0x000000000800c0ac       0x8c /opt/st/stm32cubeide_1.8.0/plugins/com.st.stm32cube.ide.mcu.externaltools.gnu-tools-for-stm32.9-2020-q2-update.linux64_2.0.0.202105311346/tools/bin/../lib/gcc/arm-none-eabi/9.3.1/../../../../arm-none-eabi/lib/thumb/v7-m/nofp/libc_nano.a(lib_a-findfp.o)
                0x000000000800c0ac                __sfp
 .text._fwalk_reent
                0x000000000800c138       0x3e /opt/st/stm32cubeide_1.8.0/plugins/com.st.stm32cube.ide.mcu.externaltools.gnu-tools-for-stm32.9-2020-q2-update.linux64_2.0.0.202105311346/tools/bin/../lib/gcc/arm-none-eabi/9.3.1/../../../../arm-none-eabi/lib/thumb/v7-m/nofp/libc_nano.a(lib_a-fwalk.o)
                0x000000000800c138                _fwalk_reent
 .text.__retarget_lock_init_recursive
                0x000000000800c176        0x2 /opt/st/stm32cubeide_1.8.0/plugins/com.st.stm32cube.ide.mcu.externaltools.gnu-tools-for-stm32.9-2020-q2-update.linux64_2.0.0.202105311346/tools/bin/../lib/gcc/arm-none-eabi/9.3.1/../../../../arm-none-eabi/lib/thumb/v7-m/nofp/libc_nano.a(lib_a-lock.o)
                0x000000000800c176                __retarget_lock_init_recursive
 .text.__retarget_lock_acquire_recursive
                0x000000000800c178        0x2 /opt/st/stm32cubeide_1.8.0/plugins/com.st.stm32cube.ide.mcu.externaltools.gnu-tools-for-stm32.9-2020-q2-update.linux64_2.0.0.202105311346/tools/bin/../lib/gcc/arm-none-eabi/9.3.1/../../../../arm-none-eabi/lib/thumb/v7-m/nofp/libc_nano.a(lib_a-lock.o)
                0x000000000800c178                __retarget_lock_acquire_recursive
 .text.__retarget_lock_release_recursive
                0x000000000800c17a        0x2 /opt/st/stm32cubeide_1.8.0/plugins/com.st.stm32cube.ide.mcu.externaltools.gnu-tools-for-stm32.9-2020-q2-update.linux64_2.0.0.202105311346/tools/bin/../lib/gcc/arm-none-eabi/9.3.1/../../../../arm-none-eabi/lib/thumb/v7-m/nofp/libc_nano.a(lib_a-lock.o)
                0x000000000800c17a                __retarget_lock_release_recursive
 .text.__swhatbuf_r
                0x000000000800c17c       0x48 /opt/st/stm32cubeide_1.8.0/plugins/com.st.stm32cube.ide.mcu.externaltools.gnu-tools-for-stm32.9-2020-q2-update.linux64_2.0.0.202105311346/tools/bin/../lib/gcc/arm-none-eabi/9.3.1/../../../../arm-none-eabi/lib/thumb/v7-m/nofp/libc_nano.a(lib_a-makebuf.o)
                0x000000000800c17c                __swhatbuf_r
 .text.__smakebuf_r
                0x000000000800c1c4       0x80 /opt/st/stm32cubeide_1.8.0/plugins/com.st.stm32cube.ide.mcu.externaltools.gnu-tools-for-stm32.9-2020-q2-update.linux64_2.0.0.202105311346/tools/bin/../lib/gcc/arm-none-eabi/9.3.1/../../../../arm-none-eabi/lib/thumb/v7-m/nofp/libc_nano.a(lib_a-makebuf.o)
                0x000000000800c1c4                __smakebuf_r
 .text._malloc_usable_size_r
                0x000000000800c244       0x10 /opt/st/stm32cubeide_1.8.0/plugins/com.st.stm32cube.ide.mcu.externaltools.gnu-tools-for-stm32.9-2020-q2-update.linux64_2.0.0.202105311346/tools/bin/../lib/gcc/arm-none-eabi/9.3.1/../../../../arm-none-eabi/lib/thumb/v7-m/nofp/libc_nano.a(lib_a-nano-msizer.o)
                0x000000000800c244                _malloc_usable_size_r
 .text._raise_r
                0x000000000800c254       0x50 /opt/st/stm32cubeide_1.8.0/plugins/com.st.stm32cube.ide.mcu.externaltools.gnu-tools-for-stm32.9-2020-q2-update.linux64_2.0.0.202105311346/tools/bin/../lib/gcc/arm-none-eabi/9.3.1/../../../../arm-none-eabi/lib/thumb/v7-m/nofp/libc_nano.a(lib_a-signal.o)
                0x000000000800c254                _raise_r
 .text.raise    0x000000000800c2a4       0x10 /opt/st/stm32cubeide_1.8.0/plugins/com.st.stm32cube.ide.mcu.externaltools.gnu-tools-for-stm32.9-2020-q2-update.linux64_2.0.0.202105311346/tools/bin/../lib/gcc/arm-none-eabi/9.3.1/../../../../arm-none-eabi/lib/thumb/v7-m/nofp/libc_nano.a(lib_a-signal.o)
                0x000000000800c2a4                raise
 .text._kill_r  0x000000000800c2b4       0x24 /opt/st/stm32cubeide_1.8.0/plugins/com.st.stm32cube.ide.mcu.externaltools.gnu-tools-for-stm32.9-2020-q2-update.linux64_2.0.0.202105311346/tools/bin/../lib/gcc/arm-none-eabi/9.3.1/../../../../arm-none-eabi/lib/thumb/v7-m/nofp/libc_nano.a(lib_a-signalr.o)
                0x000000000800c2b4                _kill_r
 .text._getpid_r
                0x000000000800c2d8        0x4 /opt/st/stm32cubeide_1.8.0/plugins/com.st.stm32cube.ide.mcu.externaltools.gnu-tools-for-stm32.9-2020-q2-update.linux64_2.0.0.202105311346/tools/bin/../lib/gcc/arm-none-eabi/9.3.1/../../../../arm-none-eabi/lib/thumb/v7-m/nofp/libc_nano.a(lib_a-signalr.o)
                0x000000000800c2d8                _getpid_r
 .text.__sread  0x000000000800c2dc       0x22 /opt/st/stm32cubeide_1.8.0/plugins/com.st.stm32cube.ide.mcu.externaltools.gnu-tools-for-stm32.9-2020-q2-update.linux64_2.0.0.202105311346/tools/bin/../lib/gcc/arm-none-eabi/9.3.1/../../../../arm-none-eabi/lib/thumb/v7-m/nofp/libc_nano.a(lib_a-stdio.o)
                0x000000000800c2dc                __sread
 .text.__swrite
                0x000000000800c2fe       0x38 /opt/st/stm32cubeide_1.8.0/plugins/com.st.stm32cube.ide.mcu.externaltools.gnu-tools-for-stm32.9-2020-q2-update.linux64_2.0.0.202105311346/tools/bin/../lib/gcc/arm-none-eabi/9.3.1/../../../../arm-none-eabi/lib/thumb/v7-m/nofp/libc_nano.a(lib_a-stdio.o)
                0x000000000800c2fe                __swrite
 .text.__sseek  0x000000000800c336       0x24 /opt/st/stm32cubeide_1.8.0/plugins/com.st.stm32cube.ide.mcu.externaltools.gnu-tools-for-stm32.9-2020-q2-update.linux64_2.0.0.202105311346/tools/bin/../lib/gcc/arm-none-eabi/9.3.1/../../../../arm-none-eabi/lib/thumb/v7-m/nofp/libc_nano.a(lib_a-stdio.o)
                0x000000000800c336                __sseek
 .text.__sclose
                0x000000000800c35a        0x8 /opt/st/stm32cubeide_1.8.0/plugins/com.st.stm32cube.ide.mcu.externaltools.gnu-tools-for-stm32.9-2020-q2-update.linux64_2.0.0.202105311346/tools/bin/../lib/gcc/arm-none-eabi/9.3.1/../../../../arm-none-eabi/lib/thumb/v7-m/nofp/libc_nano.a(lib_a-stdio.o)
                0x000000000800c35a                __sclose
 *fill*         0x000000000800c362        0x2 
 .text._write_r
                0x000000000800c364       0x24 /opt/st/stm32cubeide_1.8.0/plugins/com.st.stm32cube.ide.mcu.externaltools.gnu-tools-for-stm32.9-2020-q2-update.linux64_2.0.0.202105311346/tools/bin/../lib/gcc/arm-none-eabi/9.3.1/../../../../arm-none-eabi/lib/thumb/v7-m/nofp/libc_nano.a(lib_a-writer.o)
                0x000000000800c364                _write_r
 .text._close_r
                0x000000000800c388       0x20 /opt/st/stm32cubeide_1.8.0/plugins/com.st.stm32cube.ide.mcu.externaltools.gnu-tools-for-stm32.9-2020-q2-update.linux64_2.0.0.202105311346/tools/bin/../lib/gcc/arm-none-eabi/9.3.1/../../../../arm-none-eabi/lib/thumb/v7-m/nofp/libc_nano.a(lib_a-closer.o)
                0x000000000800c388                _close_r
 .text._fstat_r
                0x000000000800c3a8       0x24 /opt/st/stm32cubeide_1.8.0/plugins/com.st.stm32cube.ide.mcu.externaltools.gnu-tools-for-stm32.9-2020-q2-update.linux64_2.0.0.202105311346/tools/bin/../lib/gcc/arm-none-eabi/9.3.1/../../../../arm-none-eabi/lib/thumb/v7-m/nofp/libc_nano.a(lib_a-fstatr.o)
                0x000000000800c3a8                _fstat_r
 .text._isatty_r
                0x000000000800c3cc       0x20 /opt/st/stm32cubeide_1.8.0/plugins/com.st.stm32cube.ide.mcu.externaltools.gnu-tools-for-stm32.9-2020-q2-update.linux64_2.0.0.202105311346/tools/bin/../lib/gcc/arm-none-eabi/9.3.1/../../../../arm-none-eabi/lib/thumb/v7-m/nofp/libc_nano.a(lib_a-isattyr.o)