brightness_callbac.c:30:6:LCD_Brightness_Next	8	static
brightness_callbac.c:39:6:LCD_Brightness_Back	8	static
brightness_callbac.c:48:6:LCD_Brightness_Prev	8	static
brightness_callbac.c:57:6:LCD_Brightness_Refresh	8	static
brightness_callbac.c:74:6:LCD_Display_Test_Refresh	16	static
brightness_callbac.c:98:6:LCD_Display_Compas_Refresh	16	static
brightness_callbac.c:195:6:LCD_Display_Temperature_Refresh	16	static
brightness_callbac.c:217:6:LCD_Display_Humidity_Refresh	16	static
brightness_callbac.c:235:6:GPS_Display_Data_Refresh	16	static
brightness_callbac.c:265:6:GPS_Display_Hour_Refresh	16	static
brightness_callbac.c:297:6:GPS_Display_SatelitesNumber_Refresh	16	static
brightness_callbac.c:322:6:GPS_Display_Altitude_Refresh	16	static
brightness_callbac.c:347:6:GPS_Display_Latitude_Refresh	32	static
brightness_callbac.c:379:6:GPS_Display_Longitude_Refresh	32	static
brightness_callbac.c:411:6:GPS_Display_Speed_Refresh	32	static
brightness_callbac.c:443:6:GPS_Display_Speed_Callback	8	static
brightness_callbac.c:453:6:GPS_Display_Longitude_Callback	8	static
brightness_callbac.c:463:6:GPS_Display_Latitude_Callback	8	static
brightness_callbac.c:473:6:GPS_Display_Altitude_Callback	8	static
brightness_callbac.c:483:6:GPS_Display_SatelitesNumber_Callback	8	static
brightness_callbac.c:493:6:GPS_Display_Hour_Callback	8	static
brightness_callbac.c:503:6:GPS_Display_Data_Callback	8	static
brightness_callbac.c:513:6:LCD_Display_Himidity_Callback	8	static
brightness_callbac.c:523:6:LCD_Display_Temperature_Callback	8	static
brightness_callbac.c:533:6:LCD_Display_Compas_Callback	8	static
brightness_callbac.c:543:6:LCD_Brightness_Callback	8	static
brightness_callbac.c:553:6:LCD_Display_Test_Callback	8	static
