button.c:12:6:ButtonEnterInitKey	24	static
button.c:19:6:ButtonBackInitKey	24	static
button.c:26:6:ButtonPrevInitKey	24	static
button.c:32:7:ButtonNextInitKey	24	static
button.c:43:6:ButtonBackPressCallback	16	static
button.c:47:6:ButtonNextPressCallback	16	static
button.c:51:6:ButtonPrevPressCallback	16	static
button.c:55:6:ButtonEnterPressCallback	16	static
button.c:60:6:ButtonNextIdleRoutine	16	static
button.c:66:6:ButtonNextPressedRoutine	16	static
button.c:71:6:ButtonNextDebounceRoutine	16	static
button.c:89:6:ButtonNextTask	16	static
button.c:106:6:ButtonEnterIdleRoutine	16	static
button.c:112:6:ButtonEnterPressedRoutine	16	static
button.c:117:6:ButtonEnterDebounceRoutine	16	static
button.c:131:6:ButtonEnterTask	16	static
button.c:148:6:ButtonBackIdleRoutine	16	static
button.c:154:6:ButtonBackPressedRoutine	16	static
button.c:159:6:ButtonBackDebounceRoutine	16	static
button.c:173:6:ButtonBackTask	16	static
button.c:190:6:ButtonPrevIdleRoutine	16	static
button.c:196:6:ButtonPrevPressedRoutine	16	static
button.c:201:6:ButtonPrevDebounceRoutine	16	static
button.c:219:6:ButtonPrevTask	16	static
