HD44780.c:38:20:LCD_SetDataPort	16	static
HD44780.c:105:23:LCD_GetDataPort	16	static
HD44780.c:130:13:LCD_DataOut	24	static
HD44780.c:149:13:LCD_DataIn	24	static
HD44780.c:168:9:LCD_ReadByte	16	static
HD44780.c:193:9:LCD_CheckBusyFlag	8	static
HD44780.c:203:6:LCD_WriteByte	16	static
HD44780.c:232:6:LCD_WriteCmd	16	static
HD44780.c:244:6:LCD_WriteData	16	static
HD44780.c:259:6:LCD_Char	16	static
HD44780.c:267:6:LCD_String	24	static
HD44780.c:276:6:LCD_Clear	16	static
HD44780.c:287:6:LCD_Menu_Clear	16	static
HD44780.c:298:6:LCD_write	16	static
HD44780.c:309:6:LCD_Int	40	static
HD44780.c:320:6:LCD_Hex	40	static
HD44780.c:333:6:LCD_DefChar	24	static
HD44780.c:347:6:LCD_Home	8	static
HD44780.c:355:6:LCD_Cursor	16	static
HD44780.c:366:6:LCD_Blink	16	static
HD44780.c:377:6:LCD_Locate	16	static
HD44780.c:407:6:LCD_Cls	8	static
HD44780.c:415:6:LCD_Init	8	static
